<html>
<body>
<pre>
<h1>µVision Build Log</h1>
<h2>Project:</h2>
G:\Nischal_docments\studsat\soft\stm32f4discovery_fw_edit\STM32F4-Discovery_FW_V1.1.0\Project\Peripheral_Examples\adf7020-tx\Project\Project.uvproj
Project File Date:  06/18/2013

<h2>Output:</h2>
Rebuild target 'Open207V'
compiling main.c...
..\User\main.c(118): warning:  #128-D: loop is not reachable from preceding code
..\User\main.c(178): warning:  #9-D: nested comment is not allowed
compiling usart.c...
compiling stm32f4xx_it.c...
assembling startup_stm32f4xx.s...
compiling misc.c...
compiling stm32f4xx_gpio.c...
compiling stm32f4xx_rcc.c...
compiling stm32f4xx_usart.c...
compiling stm32f4xx_spi.c...
compiling system_stm32f4xx.c...
linking...
Program Size: Code=6048 RO-data=424 RW-data=44 ZI-data=1636  
FromELF: creating hex file...
".\Output\Project.axf" - 0 Error(s), 2 Warning(s).
Load "G:\\Nischal_docments\\studsat\\soft\\stm32f4discovery_fw_edit\\STM32F4-Discovery_FW_V1.1.0\\Project\\Peripheral_Examples\\adf7020-tx\\Project\\Output\\Project.AXF" 
