<html>
<body>
<pre>
<h1>µVision Build Log</h1>
<h2>Project:</h2>
E:\Tech\Studsat\ARM\STM STUDIO\stm32f4discovery_fw\STM32F4-Discovery_FW_V1.1.0\Project\Peripheral_Examples\ISL_Complete_TX_RX\MDK-ARM\ADC3_DMA.uvproj
Project File Date:  06/17/2013

<h2>Output:</h2>
Rebuild target 'ADC3_DMA'
compiling main.c...
..\main.c(14): warning: C3017W: rx_char may be used before being set
compiling stm32f4xx_it.c...
compiling system_stm32f4xx.c...
compiling ISL.c...
..\ISL.c(85): warning:  #223-D: function "delay" declared implicitly
..\ISL.c(113): warning:  #223-D: function "delay" declared implicitly
..\ISL.c(129): warning:  #223-D: function "delay" declared implicitly
compiling stm32f4_discovery.c...
compiling stm32f4xx_rcc.c...
compiling misc.c...
compiling stm32f4xx_gpio.c...
compiling stm32f4xx_syscfg.c...
compiling stm32f4xx_exti.c...
compiling stm32f4xx_dma.c...
compiling stm32f4xx_adc.c...
assembling startup_stm32f4xx.s...
linking...
Program Size: Code=2096 RO-data=424 RW-data=16 ZI-data=1024  
FromELF: creating hex file...
".\ADC3_DMA\ADC3_DMA.axf" - 0 Error(s), 4 Warning(s).
Build target 'ADC3_DMA'
compiling main.c...
linking...
Program Size: Code=2096 RO-data=424 RW-data=16 ZI-data=1024  
FromELF: creating hex file...
".\ADC3_DMA\ADC3_DMA.axf" - 0 Error(s), 0 Warning(s).
