ARM Linker, 4.1 [Build 894] [Standard]

==============================================================================

Section Cross References

    main.o(i.HardwareSPI_init) refers to stm32f4xx_rcc.o(i.RCC_APB1PeriphClockCmd) for RCC_APB1PeriphClockCmd
    main.o(i.HardwareSPI_init) refers to stm32f4xx_rcc.o(i.RCC_AHB1PeriphClockCmd) for RCC_AHB1PeriphClockCmd
    main.o(i.HardwareSPI_init) refers to stm32f4xx_gpio.o(i.GPIO_PinAFConfig) for GPIO_PinAFConfig
    main.o(i.HardwareSPI_init) refers to stm32f4xx_gpio.o(i.GPIO_Init) for GPIO_Init
    main.o(i.HardwareSPI_init) refers to stm32f4xx_spi.o(i.SPI_I2S_DeInit) for SPI_I2S_DeInit
    main.o(i.HardwareSPI_init) refers to stm32f4xx_spi.o(i.SPI_StructInit) for SPI_StructInit
    main.o(i.HardwareSPI_init) refers to stm32f4xx_spi.o(i.SPI_Init) for SPI_Init
    main.o(i.HardwareSPI_init) refers to stm32f4xx_spi.o(i.SPI_Cmd) for SPI_Cmd
    main.o(i.main) refers to stm32f4xx_rcc.o(i.RCC_AHB1PeriphClockCmd) for RCC_AHB1PeriphClockCmd
    main.o(i.main) refers to stm32f4xx_gpio.o(i.GPIO_ResetBits) for GPIO_ResetBits
    main.o(i.main) refers to stm32f4xx_gpio.o(i.GPIO_Init) for GPIO_Init
    main.o(i.main) refers to stm32f4_discovery.o(i.STM_EVAL_PBInit) for STM_EVAL_PBInit
    main.o(i.main) refers to main.o(i.HardwareSPI_init) for HardwareSPI_init
    main.o(i.main) refers to spi_flash.o(i.sFLASH_Init) for sFLASH_Init
    main.o(i.main) refers to spi_flash.o(i.sFLASH_EraseSector) for sFLASH_EraseSector
    main.o(i.main) refers to spi_flash.o(i.sFLASH_ReadID) for sFLASH_ReadID
    main.o(i.main) refers to spi_flash.o(i.sFLASH_WriteBuffer) for sFLASH_WriteBuffer
    main.o(i.main) refers to main.o(i.spiPutWord) for spiPutWord
    main.o(i.main) refers to spi_flash.o(i.sFLASH_ReadBuffer) for sFLASH_ReadBuffer
    main.o(i.main) refers to stm32f4xx_gpio.o(i.GPIO_SetBits) for GPIO_SetBits
    main.o(i.main) refers to main.o(i.Buffercmp) for Buffercmp
    main.o(i.main) refers to main.o(.data) for .data
    main.o(i.main) refers to main.o(.bss) for .bss
    main.o(i.spiGetWord) refers to stm32f4_discovery.o(i.STM_EVAL_LEDOn) for STM_EVAL_LEDOn
    main.o(i.spiGetWord) refers to stm32f4xx_spi.o(i.SPI_I2S_GetFlagStatus) for SPI_I2S_GetFlagStatus
    main.o(i.spiGetWord) refers to stm32f4_discovery.o(i.STM_EVAL_LEDOff) for STM_EVAL_LEDOff
    main.o(i.spiGetWord) refers to stm32f4xx_spi.o(i.SPI_I2S_ReceiveData) for SPI_I2S_ReceiveData
    main.o(i.spiPutWord) refers to stm32f4xx_spi.o(i.SPI_I2S_GetFlagStatus) for SPI_I2S_GetFlagStatus
    main.o(i.spiPutWord) refers to stm32f4xx_spi.o(i.SPI_I2S_SendData) for SPI_I2S_SendData
    stm32f4xx_it.o(i.NMI_Handler) refers to stm32f4xx_rcc.o(i.RCC_GetITStatus) for RCC_GetITStatus
    stm32f4xx_it.o(i.NMI_Handler) refers to stm32f4xx_rcc.o(i.RCC_HSEConfig) for RCC_HSEConfig
    stm32f4xx_it.o(i.NMI_Handler) refers to stm32f4xx_rcc.o(i.RCC_ITConfig) for RCC_ITConfig
    stm32f4xx_it.o(i.NMI_Handler) refers to stm32f4xx_rcc.o(i.RCC_ClearITPendingBit) for RCC_ClearITPendingBit
    stm32f4xx_it.o(i.RCC_IRQHandler) refers to stm32f4xx_rcc.o(i.RCC_GetITStatus) for RCC_GetITStatus
    stm32f4xx_it.o(i.RCC_IRQHandler) refers to stm32f4xx_rcc.o(i.RCC_ClearITPendingBit) for RCC_ClearITPendingBit
    stm32f4xx_it.o(i.RCC_IRQHandler) refers to stm32f4xx_rcc.o(i.RCC_GetFlagStatus) for RCC_GetFlagStatus
    stm32f4xx_it.o(i.RCC_IRQHandler) refers to stm32f4xx_rcc.o(i.RCC_PLLCmd) for RCC_PLLCmd
    stm32f4xx_it.o(i.RCC_IRQHandler) refers to stm32f4xx_rcc.o(i.RCC_SYSCLKConfig) for RCC_SYSCLKConfig
    spi_flash.o(i.sFLASH_DeInit) refers to spi_flash.o(i.sFLASH_LowLevel_DeInit) for sFLASH_LowLevel_DeInit
    spi_flash.o(i.sFLASH_EraseBulk) refers to spi_flash.o(i.sFLASH_WriteEnable) for sFLASH_WriteEnable
    spi_flash.o(i.sFLASH_EraseBulk) refers to stm32f4xx_gpio.o(i.GPIO_ResetBits) for GPIO_ResetBits
    spi_flash.o(i.sFLASH_EraseBulk) refers to spi_flash.o(i.sFLASH_SendByte) for sFLASH_SendByte
    spi_flash.o(i.sFLASH_EraseBulk) refers to stm32f4xx_gpio.o(i.GPIO_SetBits) for GPIO_SetBits
    spi_flash.o(i.sFLASH_EraseBulk) refers to spi_flash.o(i.sFLASH_WaitForWriteEnd) for sFLASH_WaitForWriteEnd
    spi_flash.o(i.sFLASH_EraseSector) refers to spi_flash.o(i.sFLASH_WriteEnable) for sFLASH_WriteEnable
    spi_flash.o(i.sFLASH_EraseSector) refers to stm32f4xx_gpio.o(i.GPIO_ResetBits) for GPIO_ResetBits
    spi_flash.o(i.sFLASH_EraseSector) refers to spi_flash.o(i.sFLASH_SendByte) for sFLASH_SendByte
    spi_flash.o(i.sFLASH_EraseSector) refers to stm32f4xx_gpio.o(i.GPIO_SetBits) for GPIO_SetBits
    spi_flash.o(i.sFLASH_EraseSector) refers to spi_flash.o(i.sFLASH_WaitForWriteEnd) for sFLASH_WaitForWriteEnd
    spi_flash.o(i.sFLASH_Init) refers to spi_flash.o(i.sFLASH_LowLevel_Init) for sFLASH_LowLevel_Init
    spi_flash.o(i.sFLASH_Init) refers to stm32f4xx_gpio.o(i.GPIO_SetBits) for GPIO_SetBits
    spi_flash.o(i.sFLASH_Init) refers to stm32f4xx_spi.o(i.SPI_Init) for SPI_Init
    spi_flash.o(i.sFLASH_Init) refers to stm32f4xx_spi.o(i.SPI_Cmd) for SPI_Cmd
    spi_flash.o(i.sFLASH_LowLevel_DeInit) refers to stm32f4xx_spi.o(i.SPI_Cmd) for SPI_Cmd
    spi_flash.o(i.sFLASH_LowLevel_DeInit) refers to stm32f4xx_spi.o(i.SPI_I2S_DeInit) for SPI_I2S_DeInit
    spi_flash.o(i.sFLASH_LowLevel_DeInit) refers to stm32f4xx_rcc.o(i.RCC_APB1PeriphClockCmd) for RCC_APB1PeriphClockCmd
    spi_flash.o(i.sFLASH_LowLevel_DeInit) refers to stm32f4xx_gpio.o(i.GPIO_Init) for GPIO_Init
    spi_flash.o(i.sFLASH_LowLevel_Init) refers to stm32f4xx_rcc.o(i.RCC_APB1PeriphClockCmd) for RCC_APB1PeriphClockCmd
    spi_flash.o(i.sFLASH_LowLevel_Init) refers to stm32f4xx_rcc.o(i.RCC_AHB1PeriphClockCmd) for RCC_AHB1PeriphClockCmd
    spi_flash.o(i.sFLASH_LowLevel_Init) refers to stm32f4xx_gpio.o(i.GPIO_PinAFConfig) for GPIO_PinAFConfig
    spi_flash.o(i.sFLASH_LowLevel_Init) refers to stm32f4xx_gpio.o(i.GPIO_Init) for GPIO_Init
    spi_flash.o(i.sFLASH_ReadBuffer) refers to stm32f4xx_gpio.o(i.GPIO_ResetBits) for GPIO_ResetBits
    spi_flash.o(i.sFLASH_ReadBuffer) refers to spi_flash.o(i.sFLASH_SendByte) for sFLASH_SendByte
    spi_flash.o(i.sFLASH_ReadBuffer) refers to stm32f4xx_gpio.o(i.GPIO_SetBits) for GPIO_SetBits
    spi_flash.o(i.sFLASH_ReadByte) refers to spi_flash.o(i.sFLASH_SendByte) for sFLASH_SendByte
    spi_flash.o(i.sFLASH_ReadID) refers to stm32f4xx_gpio.o(i.GPIO_ResetBits) for GPIO_ResetBits
    spi_flash.o(i.sFLASH_ReadID) refers to spi_flash.o(i.sFLASH_SendByte) for sFLASH_SendByte
    spi_flash.o(i.sFLASH_ReadID) refers to stm32f4xx_gpio.o(i.GPIO_SetBits) for GPIO_SetBits
    spi_flash.o(i.sFLASH_SendByte) refers to stm32f4xx_spi.o(i.SPI_I2S_GetFlagStatus) for SPI_I2S_GetFlagStatus
    spi_flash.o(i.sFLASH_SendByte) refers to stm32f4xx_spi.o(i.SPI_I2S_SendData) for SPI_I2S_SendData
    spi_flash.o(i.sFLASH_SendByte) refers to stm32f4xx_spi.o(i.SPI_I2S_ReceiveData) for SPI_I2S_ReceiveData
    spi_flash.o(i.sFLASH_SendHalfWord) refers to stm32f4xx_spi.o(i.SPI_I2S_GetFlagStatus) for SPI_I2S_GetFlagStatus
    spi_flash.o(i.sFLASH_SendHalfWord) refers to stm32f4xx_spi.o(i.SPI_I2S_SendData) for SPI_I2S_SendData
    spi_flash.o(i.sFLASH_SendHalfWord) refers to stm32f4xx_spi.o(i.SPI_I2S_ReceiveData) for SPI_I2S_ReceiveData
    spi_flash.o(i.sFLASH_StartReadSequence) refers to stm32f4xx_gpio.o(i.GPIO_ResetBits) for GPIO_ResetBits
    spi_flash.o(i.sFLASH_StartReadSequence) refers to spi_flash.o(i.sFLASH_SendByte) for sFLASH_SendByte
    spi_flash.o(i.sFLASH_WaitForWriteEnd) refers to stm32f4xx_gpio.o(i.GPIO_ResetBits) for GPIO_ResetBits
    spi_flash.o(i.sFLASH_WaitForWriteEnd) refers to spi_flash.o(i.sFLASH_SendByte) for sFLASH_SendByte
    spi_flash.o(i.sFLASH_WaitForWriteEnd) refers to stm32f4xx_gpio.o(i.GPIO_SetBits) for GPIO_SetBits
    spi_flash.o(i.sFLASH_WriteBuffer) refers to spi_flash.o(i.sFLASH_WritePage) for sFLASH_WritePage
    spi_flash.o(i.sFLASH_WriteEnable) refers to stm32f4xx_gpio.o(i.GPIO_ResetBits) for GPIO_ResetBits
    spi_flash.o(i.sFLASH_WriteEnable) refers to spi_flash.o(i.sFLASH_SendByte) for sFLASH_SendByte
    spi_flash.o(i.sFLASH_WriteEnable) refers to stm32f4xx_gpio.o(i.GPIO_SetBits) for GPIO_SetBits
    spi_flash.o(i.sFLASH_WritePage) refers to spi_flash.o(i.sFLASH_WriteEnable) for sFLASH_WriteEnable
    spi_flash.o(i.sFLASH_WritePage) refers to stm32f4xx_gpio.o(i.GPIO_ResetBits) for GPIO_ResetBits
    spi_flash.o(i.sFLASH_WritePage) refers to spi_flash.o(i.sFLASH_SendByte) for sFLASH_SendByte
    spi_flash.o(i.sFLASH_WritePage) refers to stm32f4xx_gpio.o(i.GPIO_SetBits) for GPIO_SetBits
    spi_flash.o(i.sFLASH_WritePage) refers to spi_flash.o(i.sFLASH_WaitForWriteEnd) for sFLASH_WaitForWriteEnd
    stm32f4_discovery.o(i.STM_EVAL_LEDInit) refers to stm32f4xx_rcc.o(i.RCC_AHB1PeriphClockCmd) for RCC_AHB1PeriphClockCmd
    stm32f4_discovery.o(i.STM_EVAL_LEDInit) refers to stm32f4xx_gpio.o(i.GPIO_Init) for GPIO_Init
    stm32f4_discovery.o(i.STM_EVAL_LEDInit) refers to stm32f4_discovery.o(.constdata) for .constdata
    stm32f4_discovery.o(i.STM_EVAL_LEDInit) refers to stm32f4_discovery.o(.data) for .data
    stm32f4_discovery.o(i.STM_EVAL_LEDOff) refers to stm32f4_discovery.o(.constdata) for .constdata
    stm32f4_discovery.o(i.STM_EVAL_LEDOff) refers to stm32f4_discovery.o(.data) for .data
    stm32f4_discovery.o(i.STM_EVAL_LEDOn) refers to stm32f4_discovery.o(.constdata) for .constdata
    stm32f4_discovery.o(i.STM_EVAL_LEDOn) refers to stm32f4_discovery.o(.data) for .data
    stm32f4_discovery.o(i.STM_EVAL_LEDToggle) refers to stm32f4_discovery.o(.data) for .data
    stm32f4_discovery.o(i.STM_EVAL_LEDToggle) refers to stm32f4_discovery.o(.constdata) for .constdata
    stm32f4_discovery.o(i.STM_EVAL_PBGetState) refers to stm32f4xx_gpio.o(i.GPIO_ReadInputDataBit) for GPIO_ReadInputDataBit
    stm32f4_discovery.o(i.STM_EVAL_PBGetState) refers to stm32f4_discovery.o(.constdata) for .constdata
    stm32f4_discovery.o(i.STM_EVAL_PBGetState) refers to stm32f4_discovery.o(.data) for .data
    stm32f4_discovery.o(i.STM_EVAL_PBInit) refers to stm32f4xx_rcc.o(i.RCC_AHB1PeriphClockCmd) for RCC_AHB1PeriphClockCmd
    stm32f4_discovery.o(i.STM_EVAL_PBInit) refers to stm32f4xx_rcc.o(i.RCC_APB2PeriphClockCmd) for RCC_APB2PeriphClockCmd
    stm32f4_discovery.o(i.STM_EVAL_PBInit) refers to stm32f4xx_gpio.o(i.GPIO_Init) for GPIO_Init
    stm32f4_discovery.o(i.STM_EVAL_PBInit) refers to stm32f4xx_syscfg.o(i.SYSCFG_EXTILineConfig) for SYSCFG_EXTILineConfig
    stm32f4_discovery.o(i.STM_EVAL_PBInit) refers to stm32f4xx_exti.o(i.EXTI_Init) for EXTI_Init
    stm32f4_discovery.o(i.STM_EVAL_PBInit) refers to misc.o(i.NVIC_Init) for NVIC_Init
    stm32f4_discovery.o(i.STM_EVAL_PBInit) refers to stm32f4_discovery.o(.constdata) for .constdata
    stm32f4_discovery.o(i.STM_EVAL_PBInit) refers to stm32f4_discovery.o(.data) for .data
    stm32f4xx_rcc.o(i.RCC_GetClocksFreq) refers to stm32f4xx_rcc.o(.data) for .data
    stm32f4xx_rcc.o(i.RCC_WaitForHSEStartUp) refers to stm32f4xx_rcc.o(i.RCC_GetFlagStatus) for RCC_GetFlagStatus
    stm32f4xx_gpio.o(i.GPIO_DeInit) refers to stm32f4xx_rcc.o(i.RCC_AHB1PeriphResetCmd) for RCC_AHB1PeriphResetCmd
    stm32f4xx_syscfg.o(i.SYSCFG_DeInit) refers to stm32f4xx_rcc.o(i.RCC_APB2PeriphResetCmd) for RCC_APB2PeriphResetCmd
    stm32f4xx_spi.o(i.SPI_I2S_DeInit) refers to stm32f4xx_rcc.o(i.RCC_APB2PeriphResetCmd) for RCC_APB2PeriphResetCmd
    stm32f4xx_spi.o(i.SPI_I2S_DeInit) refers to stm32f4xx_rcc.o(i.RCC_APB1PeriphResetCmd) for RCC_APB1PeriphResetCmd
    startup_stm32f4xx.o(RESET) refers to startup_stm32f4xx.o(STACK) for __initial_sp
    startup_stm32f4xx.o(RESET) refers to startup_stm32f4xx.o(.text) for Reset_Handler
    startup_stm32f4xx.o(RESET) refers to stm32f4xx_it.o(i.NMI_Handler) for NMI_Handler
    startup_stm32f4xx.o(RESET) refers to stm32f4xx_it.o(i.HardFault_Handler) for HardFault_Handler
    startup_stm32f4xx.o(RESET) refers to stm32f4xx_it.o(i.MemManage_Handler) for MemManage_Handler
    startup_stm32f4xx.o(RESET) refers to stm32f4xx_it.o(i.BusFault_Handler) for BusFault_Handler
    startup_stm32f4xx.o(RESET) refers to stm32f4xx_it.o(i.UsageFault_Handler) for UsageFault_Handler
    startup_stm32f4xx.o(RESET) refers to stm32f4xx_it.o(i.SVC_Handler) for SVC_Handler
    startup_stm32f4xx.o(RESET) refers to stm32f4xx_it.o(i.DebugMon_Handler) for DebugMon_Handler
    startup_stm32f4xx.o(RESET) refers to stm32f4xx_it.o(i.PendSV_Handler) for PendSV_Handler
    startup_stm32f4xx.o(RESET) refers to stm32f4xx_it.o(i.SysTick_Handler) for SysTick_Handler
    startup_stm32f4xx.o(RESET) refers to stm32f4xx_it.o(i.RCC_IRQHandler) for RCC_IRQHandler
    startup_stm32f4xx.o(.text) refers to system_stm32f4xx.o(i.SystemInit) for SystemInit
    startup_stm32f4xx.o(.text) refers to entry.o(.ARM.Collect$$$$00000000) for __main
    system_stm32f4xx.o(i.SystemCoreClockUpdate) refers to system_stm32f4xx.o(.data) for .data
    system_stm32f4xx.o(i.SystemInit) refers to system_stm32f4xx.o(i.SetSysClock) for SetSysClock
    entry.o(.ARM.Collect$$$$00000000) refers (Special) to entry7b.o(.ARM.Collect$$$$00000008) for _main_clock
    entry.o(.ARM.Collect$$$$00000000) refers (Special) to entry8.o(.ARM.Collect$$$$00000009) for _main_init
    entry.o(.ARM.Collect$$$$00000000) refers (Special) to entry5.o(.ARM.Collect$$$$00000004) for _main_scatterload
    entry.o(.ARM.Collect$$$$00000000) refers (Special) to entry2.o(.ARM.Collect$$$$00000001) for _main_stk
    entry2.o(.ARM.Collect$$$$00000001) refers to entry2.o(.ARM.Collect$$$$00002712) for __lit__00000000
    entry2.o(.ARM.Collect$$$$00002712) refers to startup_stm32f4xx.o(STACK) for __initial_sp
    entry2.o(__vectab_stack_and_reset_area) refers to startup_stm32f4xx.o(STACK) for __initial_sp
    entry2.o(__vectab_stack_and_reset_area) refers to entry.o(.ARM.Collect$$$$00000000) for __main
    entry5.o(.ARM.Collect$$$$00000004) refers to init.o(.text) for __scatterload
    entry8.o(.ARM.Collect$$$$00000009) refers to main.o(i.main) for main
    init.o(.text) refers to entry5.o(.ARM.Collect$$$$00000004) for __main_after_scatterload


==============================================================================

Removing Unused input sections from the image.

    Removing main.o(.emb_text), (8 bytes).
    Removing main.o(i.Delay), (10 bytes).
    Removing main.o(i.spiGetWord), (68 bytes).
    Removing main.o(.data), (1 bytes).
    Removing main.o(.data), (1 bytes).
    Removing main.o(.data), (2 bytes).
    Removing stm32f4xx_it.o(.emb_text), (8 bytes).
    Removing spi_flash.o(.emb_text), (8 bytes).
    Removing spi_flash.o(i.sFLASH_DeInit), (4 bytes).
    Removing spi_flash.o(i.sFLASH_EraseBulk), (44 bytes).
    Removing spi_flash.o(i.sFLASH_LowLevel_DeInit), (96 bytes).
    Removing spi_flash.o(i.sFLASH_ReadByte), (6 bytes).
    Removing spi_flash.o(i.sFLASH_SendHalfWord), (56 bytes).
    Removing spi_flash.o(i.sFLASH_StartReadSequence), (48 bytes).
    Removing stm32f4_discovery.o(.emb_text), (8 bytes).
    Removing stm32f4_discovery.o(i.STM_EVAL_LEDInit), (72 bytes).
    Removing stm32f4_discovery.o(i.STM_EVAL_LEDOff), (24 bytes).
    Removing stm32f4_discovery.o(i.STM_EVAL_LEDOn), (24 bytes).
    Removing stm32f4_discovery.o(i.STM_EVAL_LEDToggle), (28 bytes).
    Removing stm32f4_discovery.o(i.STM_EVAL_PBGetState), (24 bytes).
    Removing stm32f4_discovery.o(.data), (4 bytes).
    Removing stm32f4xx_rcc.o(.emb_text), (8 bytes).
    Removing stm32f4xx_rcc.o(i.RCC_AHB1PeriphClockLPModeCmd), (24 bytes).
    Removing stm32f4xx_rcc.o(i.RCC_AHB1PeriphResetCmd), (24 bytes).
    Removing stm32f4xx_rcc.o(i.RCC_AHB2PeriphClockCmd), (24 bytes).
    Removing stm32f4xx_rcc.o(i.RCC_AHB2PeriphClockLPModeCmd), (24 bytes).
    Removing stm32f4xx_rcc.o(i.RCC_AHB2PeriphResetCmd), (24 bytes).
    Removing stm32f4xx_rcc.o(i.RCC_AHB3PeriphClockCmd), (24 bytes).
    Removing stm32f4xx_rcc.o(i.RCC_AHB3PeriphClockLPModeCmd), (24 bytes).
    Removing stm32f4xx_rcc.o(i.RCC_AHB3PeriphResetCmd), (24 bytes).
    Removing stm32f4xx_rcc.o(i.RCC_APB1PeriphClockLPModeCmd), (24 bytes).
    Removing stm32f4xx_rcc.o(i.RCC_APB2PeriphClockLPModeCmd), (24 bytes).
    Removing stm32f4xx_rcc.o(i.RCC_AdjustHSICalibrationValue), (20 bytes).
    Removing stm32f4xx_rcc.o(i.RCC_BackupResetCmd), (12 bytes).
    Removing stm32f4xx_rcc.o(i.RCC_ClearFlag), (16 bytes).
    Removing stm32f4xx_rcc.o(i.RCC_ClockSecuritySystemCmd), (12 bytes).
    Removing stm32f4xx_rcc.o(i.RCC_DeInit), (60 bytes).
    Removing stm32f4xx_rcc.o(i.RCC_GetClocksFreq), (152 bytes).
    Removing stm32f4xx_rcc.o(i.RCC_GetSYSCLKSource), (16 bytes).
    Removing stm32f4xx_rcc.o(i.RCC_HCLKConfig), (20 bytes).
    Removing stm32f4xx_rcc.o(i.RCC_HSICmd), (12 bytes).
    Removing stm32f4xx_rcc.o(i.RCC_I2SCLKConfig), (12 bytes).
    Removing stm32f4xx_rcc.o(i.RCC_LSEConfig), (28 bytes).
    Removing stm32f4xx_rcc.o(i.RCC_LSICmd), (12 bytes).
    Removing stm32f4xx_rcc.o(i.RCC_MCO1Config), (20 bytes).
    Removing stm32f4xx_rcc.o(i.RCC_MCO2Config), (20 bytes).
    Removing stm32f4xx_rcc.o(i.RCC_PCLK1Config), (20 bytes).
    Removing stm32f4xx_rcc.o(i.RCC_PCLK2Config), (20 bytes).
    Removing stm32f4xx_rcc.o(i.RCC_PLLConfig), (40 bytes).
    Removing stm32f4xx_rcc.o(i.RCC_PLLI2SCmd), (12 bytes).
    Removing stm32f4xx_rcc.o(i.RCC_PLLI2SConfig), (16 bytes).
    Removing stm32f4xx_rcc.o(i.RCC_RTCCLKCmd), (12 bytes).
    Removing stm32f4xx_rcc.o(i.RCC_RTCCLKConfig), (48 bytes).
    Removing stm32f4xx_rcc.o(i.RCC_WaitForHSEStartUp), (38 bytes).
    Removing stm32f4xx_rcc.o(.data), (16 bytes).
    Removing misc.o(.emb_text), (8 bytes).
    Removing misc.o(i.NVIC_PriorityGroupConfig), (20 bytes).
    Removing misc.o(i.NVIC_SetVectorTable), (20 bytes).
    Removing misc.o(i.NVIC_SystemLPConfig), (24 bytes).
    Removing misc.o(i.SysTick_CLKSourceConfig), (24 bytes).
    Removing stm32f4xx_gpio.o(.emb_text), (8 bytes).
    Removing stm32f4xx_gpio.o(i.GPIO_DeInit), (228 bytes).
    Removing stm32f4xx_gpio.o(i.GPIO_PinLockConfig), (16 bytes).
    Removing stm32f4xx_gpio.o(i.GPIO_ReadInputData), (6 bytes).
    Removing stm32f4xx_gpio.o(i.GPIO_ReadInputDataBit), (14 bytes).
    Removing stm32f4xx_gpio.o(i.GPIO_ReadOutputData), (6 bytes).
    Removing stm32f4xx_gpio.o(i.GPIO_ReadOutputDataBit), (14 bytes).
    Removing stm32f4xx_gpio.o(i.GPIO_StructInit), (18 bytes).
    Removing stm32f4xx_gpio.o(i.GPIO_ToggleBits), (8 bytes).
    Removing stm32f4xx_gpio.o(i.GPIO_Write), (4 bytes).
    Removing stm32f4xx_gpio.o(i.GPIO_WriteBit), (10 bytes).
    Removing stm32f4xx_syscfg.o(.emb_text), (8 bytes).
    Removing stm32f4xx_syscfg.o(i.SYSCFG_CompensationCellCmd), (12 bytes).
    Removing stm32f4xx_syscfg.o(i.SYSCFG_DeInit), (24 bytes).
    Removing stm32f4xx_syscfg.o(i.SYSCFG_ETH_MediaInterfaceConfig), (12 bytes).
    Removing stm32f4xx_syscfg.o(i.SYSCFG_GetCompensationCellStatus), (20 bytes).
    Removing stm32f4xx_syscfg.o(i.SYSCFG_MemoryRemapConfig), (12 bytes).
    Removing stm32f4xx_exti.o(.emb_text), (8 bytes).
    Removing stm32f4xx_exti.o(i.EXTI_ClearFlag), (12 bytes).
    Removing stm32f4xx_exti.o(i.EXTI_ClearITPendingBit), (12 bytes).
    Removing stm32f4xx_exti.o(i.EXTI_DeInit), (36 bytes).
    Removing stm32f4xx_exti.o(i.EXTI_GenerateSWInterrupt), (16 bytes).
    Removing stm32f4xx_exti.o(i.EXTI_GetFlagStatus), (20 bytes).
    Removing stm32f4xx_exti.o(i.EXTI_GetITStatus), (32 bytes).
    Removing stm32f4xx_exti.o(i.EXTI_StructInit), (14 bytes).
    Removing stm32f4xx_spi.o(.emb_text), (8 bytes).
    Removing stm32f4xx_spi.o(i.I2S_Cmd), (20 bytes).
    Removing stm32f4xx_spi.o(i.I2S_FullDuplexConfig), (62 bytes).
    Removing stm32f4xx_spi.o(i.I2S_Init), (192 bytes).
    Removing stm32f4xx_spi.o(i.I2S_StructInit), (18 bytes).
    Removing stm32f4xx_spi.o(i.SPI_BiDirectionalLineConfig), (22 bytes).
    Removing stm32f4xx_spi.o(i.SPI_CalculateCRC), (20 bytes).
    Removing stm32f4xx_spi.o(i.SPI_DataSizeConfig), (16 bytes).
    Removing stm32f4xx_spi.o(i.SPI_GetCRC), (12 bytes).
    Removing stm32f4xx_spi.o(i.SPI_GetCRCPolynomial), (4 bytes).
    Removing stm32f4xx_spi.o(i.SPI_I2S_ClearFlag), (6 bytes).
    Removing stm32f4xx_spi.o(i.SPI_I2S_ClearITPendingBit), (14 bytes).
    Removing stm32f4xx_spi.o(i.SPI_I2S_DMACmd), (16 bytes).
    Removing stm32f4xx_spi.o(i.SPI_I2S_GetITStatus), (40 bytes).
    Removing stm32f4xx_spi.o(i.SPI_I2S_ITConfig), (24 bytes).
    Removing stm32f4xx_spi.o(i.SPI_NSSInternalSoftwareConfig), (24 bytes).
    Removing stm32f4xx_spi.o(i.SPI_SSOutputCmd), (20 bytes).
    Removing stm32f4xx_spi.o(i.SPI_TIModeCmd), (20 bytes).
    Removing stm32f4xx_spi.o(i.SPI_TransmitCRC), (10 bytes).
    Removing startup_stm32f4xx.o(HEAP), (512 bytes).
    Removing system_stm32f4xx.o(.emb_text), (8 bytes).
    Removing system_stm32f4xx.o(i.SystemCoreClockUpdate), (124 bytes).
    Removing system_stm32f4xx.o(.data), (20 bytes).

108 unused section(s) (total 3304 bytes) removed from the image.

==============================================================================

Image Symbol Table

    Local Symbols

    Symbol Name                              Value     Ov Type        Size  Object(Section)

    ../../microlib/init/entry.s              0x00000000   Number         0  entry8.o ABSOLUTE
    ../../microlib/init/entry.s              0x00000000   Number         0  entry7a.o ABSOLUTE
    ../../microlib/init/entry.s              0x00000000   Number         0  entry.o ABSOLUTE
    ../../microlib/init/entry.s              0x00000000   Number         0  entry2.o ABSOLUTE
    ../../microlib/init/entry.s              0x00000000   Number         0  entry5.o ABSOLUTE
    ../../microlib/init/entry.s              0x00000000   Number         0  entry7b.o ABSOLUTE
    ..\..\..\..\Libraries\CMSIS\ST\STM32F4xx\Source\Templates\arm\startup_stm32f4xx.s 0x00000000   Number         0  startup_stm32f4xx.o ABSOLUTE
    ..\..\..\..\Libraries\CMSIS\ST\STM32F4xx\Source\Templates\system_stm32f4xx.c 0x00000000   Number         0  system_stm32f4xx.o ABSOLUTE
    ..\..\..\..\Libraries\STM32F4xx_StdPeriph_Driver\src\misc.c 0x00000000   Number         0  misc.o ABSOLUTE
    ..\..\..\..\Libraries\STM32F4xx_StdPeriph_Driver\src\stm32f4xx_exti.c 0x00000000   Number         0  stm32f4xx_exti.o ABSOLUTE
    ..\..\..\..\Libraries\STM32F4xx_StdPeriph_Driver\src\stm32f4xx_gpio.c 0x00000000   Number         0  stm32f4xx_gpio.o ABSOLUTE
    ..\..\..\..\Libraries\STM32F4xx_StdPeriph_Driver\src\stm32f4xx_rcc.c 0x00000000   Number         0  stm32f4xx_rcc.o ABSOLUTE
    ..\..\..\..\Libraries\STM32F4xx_StdPeriph_Driver\src\stm32f4xx_spi.c 0x00000000   Number         0  stm32f4xx_spi.o ABSOLUTE
    ..\..\..\..\Libraries\STM32F4xx_StdPeriph_Driver\src\stm32f4xx_syscfg.c 0x00000000   Number         0  stm32f4xx_syscfg.o ABSOLUTE
    ..\..\..\..\Utilities\STM32F4-Discovery\stm32f4_discovery.c 0x00000000   Number         0  stm32f4_discovery.o ABSOLUTE
    ..\\..\\..\\..\\Libraries\\CMSIS\\ST\\STM32F4xx\\Source\\Templates\\system_stm32f4xx.c 0x00000000   Number         0  system_stm32f4xx.o ABSOLUTE
    ..\\..\\..\\..\\Libraries\\STM32F4xx_StdPeriph_Driver\\src\\misc.c 0x00000000   Number         0  misc.o ABSOLUTE
    ..\\..\\..\\..\\Libraries\\STM32F4xx_StdPeriph_Driver\\src\\stm32f4xx_exti.c 0x00000000   Number         0  stm32f4xx_exti.o ABSOLUTE
    ..\\..\\..\\..\\Libraries\\STM32F4xx_StdPeriph_Driver\\src\\stm32f4xx_gpio.c 0x00000000   Number         0  stm32f4xx_gpio.o ABSOLUTE
    ..\\..\\..\\..\\Libraries\\STM32F4xx_StdPeriph_Driver\\src\\stm32f4xx_rcc.c 0x00000000   Number         0  stm32f4xx_rcc.o ABSOLUTE
    ..\\..\\..\\..\\Libraries\\STM32F4xx_StdPeriph_Driver\\src\\stm32f4xx_spi.c 0x00000000   Number         0  stm32f4xx_spi.o ABSOLUTE
    ..\\..\\..\\..\\Libraries\\STM32F4xx_StdPeriph_Driver\\src\\stm32f4xx_syscfg.c 0x00000000   Number         0  stm32f4xx_syscfg.o ABSOLUTE
    ..\\..\\..\\..\\Utilities\\STM32F4-Discovery\\stm32f4_discovery.c 0x00000000   Number         0  stm32f4_discovery.o ABSOLUTE
    ..\\main.c                               0x00000000   Number         0  main.o ABSOLUTE
    ..\\spi_flash.c                          0x00000000   Number         0  spi_flash.o ABSOLUTE
    ..\\stm32f4xx_it.c                       0x00000000   Number         0  stm32f4xx_it.o ABSOLUTE
    ..\main.c                                0x00000000   Number         0  main.o ABSOLUTE
    ..\spi_flash.c                           0x00000000   Number         0  spi_flash.o ABSOLUTE
    ..\stm32f4xx_it.c                        0x00000000   Number         0  stm32f4xx_it.o ABSOLUTE
    dc.s                                     0x00000000   Number         0  dc.o ABSOLUTE
    handlers.s                               0x00000000   Number         0  handlers.o ABSOLUTE
    init.s                                   0x00000000   Number         0  init.o ABSOLUTE
    RESET                                    0x08000000   Section      392  startup_stm32f4xx.o(RESET)
    .ARM.Collect$$$$00000000                 0x08000188   Section        0  entry.o(.ARM.Collect$$$$00000000)
    .ARM.Collect$$$$00000001                 0x08000188   Section        4  entry2.o(.ARM.Collect$$$$00000001)
    .ARM.Collect$$$$00000004                 0x0800018c   Section        4  entry5.o(.ARM.Collect$$$$00000004)
    .ARM.Collect$$$$00000008                 0x08000190   Section        0  entry7b.o(.ARM.Collect$$$$00000008)
    .ARM.Collect$$$$00000009                 0x08000190   Section        8  entry8.o(.ARM.Collect$$$$00000009)
    .ARM.Collect$$$$00002712                 0x08000198   Section        4  entry2.o(.ARM.Collect$$$$00002712)
    __lit__00000000                          0x08000198   Data           4  entry2.o(.ARM.Collect$$$$00002712)
    .text                                    0x0800019c   Section       36  startup_stm32f4xx.o(.text)
    $v0                                      0x0800019c   Number         0  startup_stm32f4xx.o(.text)
    .text                                    0x080001c0   Section       36  init.o(.text)
    i.Buffercmp                              0x080001e4   Section        0  main.o(i.Buffercmp)
    i.BusFault_Handler                       0x08000206   Section        0  stm32f4xx_it.o(i.BusFault_Handler)
    i.DebugMon_Handler                       0x08000208   Section        0  stm32f4xx_it.o(i.DebugMon_Handler)
    i.EXTI_Init                              0x0800020c   Section        0  stm32f4xx_exti.o(i.EXTI_Init)
    i.GPIO_Init                              0x08000280   Section        0  stm32f4xx_gpio.o(i.GPIO_Init)
    i.GPIO_PinAFConfig                       0x080002fc   Section        0  stm32f4xx_gpio.o(i.GPIO_PinAFConfig)
    i.GPIO_ResetBits                         0x0800031c   Section        0  stm32f4xx_gpio.o(i.GPIO_ResetBits)
    i.GPIO_SetBits                           0x08000320   Section        0  stm32f4xx_gpio.o(i.GPIO_SetBits)
    i.HardFault_Handler                      0x08000324   Section        0  stm32f4xx_it.o(i.HardFault_Handler)
    i.HardwareSPI_init                       0x08000328   Section        0  main.o(i.HardwareSPI_init)
    i.MemManage_Handler                      0x080003e4   Section        0  stm32f4xx_it.o(i.MemManage_Handler)
    i.NMI_Handler                            0x080003e6   Section        0  stm32f4xx_it.o(i.NMI_Handler)
    i.NVIC_Init                              0x0800040c   Section        0  misc.o(i.NVIC_Init)
    i.PendSV_Handler                         0x08000470   Section        0  stm32f4xx_it.o(i.PendSV_Handler)
    i.RCC_AHB1PeriphClockCmd                 0x08000474   Section        0  stm32f4xx_rcc.o(i.RCC_AHB1PeriphClockCmd)
    i.RCC_APB1PeriphClockCmd                 0x0800048c   Section        0  stm32f4xx_rcc.o(i.RCC_APB1PeriphClockCmd)
    i.RCC_APB1PeriphResetCmd                 0x080004a4   Section        0  stm32f4xx_rcc.o(i.RCC_APB1PeriphResetCmd)
    i.RCC_APB2PeriphClockCmd                 0x080004bc   Section        0  stm32f4xx_rcc.o(i.RCC_APB2PeriphClockCmd)
    i.RCC_APB2PeriphResetCmd                 0x080004d4   Section        0  stm32f4xx_rcc.o(i.RCC_APB2PeriphResetCmd)
    i.RCC_ClearITPendingBit                  0x080004ec   Section        0  stm32f4xx_rcc.o(i.RCC_ClearITPendingBit)
    i.RCC_GetFlagStatus                      0x080004f8   Section        0  stm32f4xx_rcc.o(i.RCC_GetFlagStatus)
    i.RCC_GetITStatus                        0x0800052c   Section        0  stm32f4xx_rcc.o(i.RCC_GetITStatus)
    i.RCC_HSEConfig                          0x08000540   Section        0  stm32f4xx_rcc.o(i.RCC_HSEConfig)
    i.RCC_IRQHandler                         0x08000550   Section        0  stm32f4xx_it.o(i.RCC_IRQHandler)
    i.RCC_ITConfig                           0x08000594   Section        0  stm32f4xx_rcc.o(i.RCC_ITConfig)
    i.RCC_PLLCmd                             0x080005ac   Section        0  stm32f4xx_rcc.o(i.RCC_PLLCmd)
    i.RCC_SYSCLKConfig                       0x080005b8   Section        0  stm32f4xx_rcc.o(i.RCC_SYSCLKConfig)
    i.SPI_Cmd                                0x080005cc   Section        0  stm32f4xx_spi.o(i.SPI_Cmd)
    i.SPI_I2S_DeInit                         0x080005e0   Section        0  stm32f4xx_spi.o(i.SPI_I2S_DeInit)
    i.SPI_I2S_GetFlagStatus                  0x08000634   Section        0  stm32f4xx_spi.o(i.SPI_I2S_GetFlagStatus)
    i.SPI_I2S_ReceiveData                    0x08000642   Section        0  stm32f4xx_spi.o(i.SPI_I2S_ReceiveData)
    i.SPI_I2S_SendData                       0x08000646   Section        0  stm32f4xx_spi.o(i.SPI_I2S_SendData)
    i.SPI_Init                               0x0800064a   Section        0  stm32f4xx_spi.o(i.SPI_Init)
    i.SPI_StructInit                         0x08000682   Section        0  stm32f4xx_spi.o(i.SPI_StructInit)
    i.STM_EVAL_PBInit                        0x0800069c   Section        0  stm32f4_discovery.o(i.STM_EVAL_PBInit)
    i.SVC_Handler                            0x08000734   Section        0  stm32f4xx_it.o(i.SVC_Handler)
    i.SYSCFG_EXTILineConfig                  0x08000738   Section        0  stm32f4xx_syscfg.o(i.SYSCFG_EXTILineConfig)
    i.SetSysClock                            0x08000760   Section        0  system_stm32f4xx.o(i.SetSysClock)
    SetSysClock                              0x08000761   Thumb Code   140  system_stm32f4xx.o(i.SetSysClock)
    i.SysTick_Handler                        0x080007fc   Section        0  stm32f4xx_it.o(i.SysTick_Handler)
    i.SystemInit                             0x08000800   Section        0  system_stm32f4xx.o(i.SystemInit)
    i.UsageFault_Handler                     0x0800085c   Section        0  stm32f4xx_it.o(i.UsageFault_Handler)
    i.__scatterload_copy                     0x0800085e   Section       14  handlers.o(i.__scatterload_copy)
    i.__scatterload_null                     0x0800086c   Section        2  handlers.o(i.__scatterload_null)
    i.__scatterload_zeroinit                 0x0800086e   Section       14  handlers.o(i.__scatterload_zeroinit)
    i.main                                   0x0800087c   Section        0  main.o(i.main)
    i.sFLASH_EraseSector                     0x080009c0   Section        0  spi_flash.o(i.sFLASH_EraseSector)
    i.sFLASH_Init                            0x08000a04   Section        0  spi_flash.o(i.sFLASH_Init)
    i.sFLASH_LowLevel_Init                   0x08000a68   Section        0  spi_flash.o(i.sFLASH_LowLevel_Init)
    i.sFLASH_ReadBuffer                      0x08000af4   Section        0  spi_flash.o(i.sFLASH_ReadBuffer)
    i.sFLASH_ReadID                          0x08000b4c   Section        0  spi_flash.o(i.sFLASH_ReadID)
    i.sFLASH_SendByte                        0x08000b90   Section        0  spi_flash.o(i.sFLASH_SendByte)
    i.sFLASH_WaitForWriteEnd                 0x08000bc8   Section        0  spi_flash.o(i.sFLASH_WaitForWriteEnd)
    i.sFLASH_WriteBuffer                     0x08000bf4   Section        0  spi_flash.o(i.sFLASH_WriteBuffer)
    i.sFLASH_WriteEnable                     0x08000cb8   Section        0  spi_flash.o(i.sFLASH_WriteEnable)
    i.sFLASH_WritePage                       0x08000cdc   Section        0  spi_flash.o(i.sFLASH_WritePage)
    i.spiPutWord                             0x08000d38   Section        0  main.o(i.spiPutWord)
    .constdata                               0x08000d68   Section       36  stm32f4_discovery.o(.constdata)
    .data                                    0x20000000   Section       89  main.o(.data)
    .data                                    0x2000005c   Section       20  stm32f4_discovery.o(.data)
    .bss                                     0x20000070   Section       76  main.o(.bss)
    STACK                                    0x200000c0   Section     1024  startup_stm32f4xx.o(STACK)

    Global Symbols

    Symbol Name                              Value     Ov Type        Size  Object(Section)

    BuildAttributes$$THM_ISAv4$E$P$D$K$B$S$7EM$VFPi3$EXTD16$VFPS$VFMA$PE$A:L22UL41UL21$X:L11$S22US41US21$IEEE1$IW$USESV6$~STKCKD$USESV7$~SHL$OSPACE$EBA8$MICROLIB$REQ8$PRES8$EABIv2 0x00000000   Number         0  anon$$obj.o ABSOLUTE
    __ARM_use_no_argv                        0x00000000   Number         0  main.o ABSOLUTE
    __decompress                              - Undefined Weak Reference
    _clock_init                               - Undefined Weak Reference
    __Vectors_Size                           0x00000188   Number         0  startup_stm32f4xx.o ABSOLUTE
    __Vectors                                0x08000000   Data           4  startup_stm32f4xx.o(RESET)
    __Vectors_End                            0x08000188   Data           0  startup_stm32f4xx.o(RESET)
    __main                                   0x08000189   Thumb Code     0  entry.o(.ARM.Collect$$$$00000000)
    _main_stk                                0x08000189   Thumb Code     0  entry2.o(.ARM.Collect$$$$00000001)
    _main_scatterload                        0x0800018d   Thumb Code     0  entry5.o(.ARM.Collect$$$$00000004)
    __main_after_scatterload                 0x08000191   Thumb Code     0  entry5.o(.ARM.Collect$$$$00000004)
    _main_clock                              0x08000191   Thumb Code     0  entry7b.o(.ARM.Collect$$$$00000008)
    _main_init                               0x08000191   Thumb Code     0  entry8.o(.ARM.Collect$$$$00000009)
    Reset_Handler                            0x0800019d   Thumb Code     8  startup_stm32f4xx.o(.text)
    ADC_IRQHandler                           0x080001b7   Thumb Code     0  startup_stm32f4xx.o(.text)
    CAN1_RX0_IRQHandler                      0x080001b7   Thumb Code     0  startup_stm32f4xx.o(.text)
    CAN1_RX1_IRQHandler                      0x080001b7   Thumb Code     0  startup_stm32f4xx.o(.text)
    CAN1_SCE_IRQHandler                      0x080001b7   Thumb Code     0  startup_stm32f4xx.o(.text)
    CAN1_TX_IRQHandler                       0x080001b7   Thumb Code     0  startup_stm32f4xx.o(.text)
    CAN2_RX0_IRQHandler                      0x080001b7   Thumb Code     0  startup_stm32f4xx.o(.text)
    CAN2_RX1_IRQHandler                      0x080001b7   Thumb Code     0  startup_stm32f4xx.o(.text)
    CAN2_SCE_IRQHandler                      0x080001b7   Thumb Code     0  startup_stm32f4xx.o(.text)
    CAN2_TX_IRQHandler                       0x080001b7   Thumb Code     0  startup_stm32f4xx.o(.text)
    CRYP_IRQHandler                          0x080001b7   Thumb Code     0  startup_stm32f4xx.o(.text)
    DCMI_IRQHandler                          0x080001b7   Thumb Code     0  startup_stm32f4xx.o(.text)
    DMA1_Stream0_IRQHandler                  0x080001b7   Thumb Code     0  startup_stm32f4xx.o(.text)
    DMA1_Stream1_IRQHandler                  0x080001b7   Thumb Code     0  startup_stm32f4xx.o(.text)
    DMA1_Stream2_IRQHandler                  0x080001b7   Thumb Code     0  startup_stm32f4xx.o(.text)
    DMA1_Stream3_IRQHandler                  0x080001b7   Thumb Code     0  startup_stm32f4xx.o(.text)
    DMA1_Stream4_IRQHandler                  0x080001b7   Thumb Code     0  startup_stm32f4xx.o(.text)
    DMA1_Stream5_IRQHandler                  0x080001b7   Thumb Code     0  startup_stm32f4xx.o(.text)
    DMA1_Stream6_IRQHandler                  0x080001b7   Thumb Code     0  startup_stm32f4xx.o(.text)
    DMA1_Stream7_IRQHandler                  0x080001b7   Thumb Code     0  startup_stm32f4xx.o(.text)
    DMA2_Stream0_IRQHandler                  0x080001b7   Thumb Code     0  startup_stm32f4xx.o(.text)
    DMA2_Stream1_IRQHandler                  0x080001b7   Thumb Code     0  startup_stm32f4xx.o(.text)
    DMA2_Stream2_IRQHandler                  0x080001b7   Thumb Code     0  startup_stm32f4xx.o(.text)
    DMA2_Stream3_IRQHandler                  0x080001b7   Thumb Code     0  startup_stm32f4xx.o(.text)
    DMA2_Stream4_IRQHandler                  0x080001b7   Thumb Code     0  startup_stm32f4xx.o(.text)
    DMA2_Stream5_IRQHandler                  0x080001b7   Thumb Code     0  startup_stm32f4xx.o(.text)
    DMA2_Stream6_IRQHandler                  0x080001b7   Thumb Code     0  startup_stm32f4xx.o(.text)
    DMA2_Stream7_IRQHandler                  0x080001b7   Thumb Code     0  startup_stm32f4xx.o(.text)
    ETH_IRQHandler                           0x080001b7   Thumb Code     0  startup_stm32f4xx.o(.text)
    ETH_WKUP_IRQHandler                      0x080001b7   Thumb Code     0  startup_stm32f4xx.o(.text)
    EXTI0_IRQHandler                         0x080001b7   Thumb Code     0  startup_stm32f4xx.o(.text)
    EXTI15_10_IRQHandler                     0x080001b7   Thumb Code     0  startup_stm32f4xx.o(.text)
    EXTI1_IRQHandler                         0x080001b7   Thumb Code     0  startup_stm32f4xx.o(.text)
    EXTI2_IRQHandler                         0x080001b7   Thumb Code     0  startup_stm32f4xx.o(.text)
    EXTI3_IRQHandler                         0x080001b7   Thumb Code     0  startup_stm32f4xx.o(.text)
    EXTI4_IRQHandler                         0x080001b7   Thumb Code     0  startup_stm32f4xx.o(.text)
    EXTI9_5_IRQHandler                       0x080001b7   Thumb Code     0  startup_stm32f4xx.o(.text)
    FLASH_IRQHandler                         0x080001b7   Thumb Code     0  startup_stm32f4xx.o(.text)
    FPU_IRQHandler                           0x080001b7   Thumb Code     0  startup_stm32f4xx.o(.text)
    FSMC_IRQHandler                          0x080001b7   Thumb Code     0  startup_stm32f4xx.o(.text)
    HASH_RNG_IRQHandler                      0x080001b7   Thumb Code     0  startup_stm32f4xx.o(.text)
    I2C1_ER_IRQHandler                       0x080001b7   Thumb Code     0  startup_stm32f4xx.o(.text)
    I2C1_EV_IRQHandler                       0x080001b7   Thumb Code     0  startup_stm32f4xx.o(.text)
    I2C2_ER_IRQHandler                       0x080001b7   Thumb Code     0  startup_stm32f4xx.o(.text)
    I2C2_EV_IRQHandler                       0x080001b7   Thumb Code     0  startup_stm32f4xx.o(.text)
    I2C3_ER_IRQHandler                       0x080001b7   Thumb Code     0  startup_stm32f4xx.o(.text)
    I2C3_EV_IRQHandler                       0x080001b7   Thumb Code     0  startup_stm32f4xx.o(.text)
    OTG_FS_IRQHandler                        0x080001b7   Thumb Code     0  startup_stm32f4xx.o(.text)
    OTG_FS_WKUP_IRQHandler                   0x080001b7   Thumb Code     0  startup_stm32f4xx.o(.text)
    OTG_HS_EP1_IN_IRQHandler                 0x080001b7   Thumb Code     0  startup_stm32f4xx.o(.text)
    OTG_HS_EP1_OUT_IRQHandler                0x080001b7   Thumb Code     0  startup_stm32f4xx.o(.text)
    OTG_HS_IRQHandler                        0x080001b7   Thumb Code     0  startup_stm32f4xx.o(.text)
    OTG_HS_WKUP_IRQHandler                   0x080001b7   Thumb Code     0  startup_stm32f4xx.o(.text)
    PVD_IRQHandler                           0x080001b7   Thumb Code     0  startup_stm32f4xx.o(.text)
    RTC_Alarm_IRQHandler                     0x080001b7   Thumb Code     0  startup_stm32f4xx.o(.text)
    RTC_WKUP_IRQHandler                      0x080001b7   Thumb Code     0  startup_stm32f4xx.o(.text)
    SDIO_IRQHandler                          0x080001b7   Thumb Code     0  startup_stm32f4xx.o(.text)
    SPI1_IRQHandler                          0x080001b7   Thumb Code     0  startup_stm32f4xx.o(.text)
    SPI2_IRQHandler                          0x080001b7   Thumb Code     0  startup_stm32f4xx.o(.text)
    SPI3_IRQHandler                          0x080001b7   Thumb Code     0  startup_stm32f4xx.o(.text)
    TAMP_STAMP_IRQHandler                    0x080001b7   Thumb Code     0  startup_stm32f4xx.o(.text)
    TIM1_BRK_TIM9_IRQHandler                 0x080001b7   Thumb Code     0  startup_stm32f4xx.o(.text)
    TIM1_CC_IRQHandler                       0x080001b7   Thumb Code     0  startup_stm32f4xx.o(.text)
    TIM1_TRG_COM_TIM11_IRQHandler            0x080001b7   Thumb Code     0  startup_stm32f4xx.o(.text)
    TIM1_UP_TIM10_IRQHandler                 0x080001b7   Thumb Code     0  startup_stm32f4xx.o(.text)
    TIM2_IRQHandler                          0x080001b7   Thumb Code     0  startup_stm32f4xx.o(.text)
    TIM3_IRQHandler                          0x080001b7   Thumb Code     0  startup_stm32f4xx.o(.text)
    TIM4_IRQHandler                          0x080001b7   Thumb Code     0  startup_stm32f4xx.o(.text)
    TIM5_IRQHandler                          0x080001b7   Thumb Code     0  startup_stm32f4xx.o(.text)
    TIM6_DAC_IRQHandler                      0x080001b7   Thumb Code     0  startup_stm32f4xx.o(.text)
    TIM7_IRQHandler                          0x080001b7   Thumb Code     0  startup_stm32f4xx.o(.text)
    TIM8_BRK_TIM12_IRQHandler                0x080001b7   Thumb Code     0  startup_stm32f4xx.o(.text)
    TIM8_CC_IRQHandler                       0x080001b7   Thumb Code     0  startup_stm32f4xx.o(.text)
    TIM8_TRG_COM_TIM14_IRQHandler            0x080001b7   Thumb Code     0  startup_stm32f4xx.o(.text)
    TIM8_UP_TIM13_IRQHandler                 0x080001b7   Thumb Code     0  startup_stm32f4xx.o(.text)
    UART4_IRQHandler                         0x080001b7   Thumb Code     0  startup_stm32f4xx.o(.text)
    UART5_IRQHandler                         0x080001b7   Thumb Code     0  startup_stm32f4xx.o(.text)
    USART1_IRQHandler                        0x080001b7   Thumb Code     0  startup_stm32f4xx.o(.text)
    USART2_IRQHandler                        0x080001b7   Thumb Code     0  startup_stm32f4xx.o(.text)
    USART3_IRQHandler                        0x080001b7   Thumb Code     0  startup_stm32f4xx.o(.text)
    USART6_IRQHandler                        0x080001b7   Thumb Code     0  startup_stm32f4xx.o(.text)
    WWDG_IRQHandler                          0x080001b7   Thumb Code     0  startup_stm32f4xx.o(.text)
    __scatterload                            0x080001c1   Thumb Code    28  init.o(.text)
    __scatterload_rt2                        0x080001c1   Thumb Code     0  init.o(.text)
    Buffercmp                                0x080001e5   Thumb Code    34  main.o(i.Buffercmp)
    BusFault_Handler                         0x08000207   Thumb Code     2  stm32f4xx_it.o(i.BusFault_Handler)
    DebugMon_Handler                         0x08000209   Thumb Code     2  stm32f4xx_it.o(i.DebugMon_Handler)
    EXTI_Init                                0x0800020d   Thumb Code   112  stm32f4xx_exti.o(i.EXTI_Init)
    GPIO_Init                                0x08000281   Thumb Code   124  stm32f4xx_gpio.o(i.GPIO_Init)
    GPIO_PinAFConfig                         0x080002fd   Thumb Code    32  stm32f4xx_gpio.o(i.GPIO_PinAFConfig)
    GPIO_ResetBits                           0x0800031d   Thumb Code     4  stm32f4xx_gpio.o(i.GPIO_ResetBits)
    GPIO_SetBits                             0x08000321   Thumb Code     4  stm32f4xx_gpio.o(i.GPIO_SetBits)
    HardFault_Handler                        0x08000325   Thumb Code     2  stm32f4xx_it.o(i.HardFault_Handler)
    HardwareSPI_init                         0x08000329   Thumb Code   180  main.o(i.HardwareSPI_init)
    MemManage_Handler                        0x080003e5   Thumb Code     2  stm32f4xx_it.o(i.MemManage_Handler)
    NMI_Handler                              0x080003e7   Thumb Code    38  stm32f4xx_it.o(i.NMI_Handler)
    NVIC_Init                                0x0800040d   Thumb Code    92  misc.o(i.NVIC_Init)
    PendSV_Handler                           0x08000471   Thumb Code     2  stm32f4xx_it.o(i.PendSV_Handler)
    RCC_AHB1PeriphClockCmd                   0x08000475   Thumb Code    18  stm32f4xx_rcc.o(i.RCC_AHB1PeriphClockCmd)
    RCC_APB1PeriphClockCmd                   0x0800048d   Thumb Code    18  stm32f4xx_rcc.o(i.RCC_APB1PeriphClockCmd)
    RCC_APB1PeriphResetCmd                   0x080004a5   Thumb Code    18  stm32f4xx_rcc.o(i.RCC_APB1PeriphResetCmd)
    RCC_APB2PeriphClockCmd                   0x080004bd   Thumb Code    18  stm32f4xx_rcc.o(i.RCC_APB2PeriphClockCmd)
    RCC_APB2PeriphResetCmd                   0x080004d5   Thumb Code    18  stm32f4xx_rcc.o(i.RCC_APB2PeriphResetCmd)
    RCC_ClearITPendingBit                    0x080004ed   Thumb Code     6  stm32f4xx_rcc.o(i.RCC_ClearITPendingBit)
    RCC_GetFlagStatus                        0x080004f9   Thumb Code    46  stm32f4xx_rcc.o(i.RCC_GetFlagStatus)
    RCC_GetITStatus                          0x0800052d   Thumb Code    16  stm32f4xx_rcc.o(i.RCC_GetITStatus)
    RCC_HSEConfig                            0x08000541   Thumb Code    10  stm32f4xx_rcc.o(i.RCC_HSEConfig)
    RCC_IRQHandler                           0x08000551   Thumb Code    68  stm32f4xx_it.o(i.RCC_IRQHandler)
    RCC_ITConfig                             0x08000595   Thumb Code    18  stm32f4xx_rcc.o(i.RCC_ITConfig)
    RCC_PLLCmd                               0x080005ad   Thumb Code     6  stm32f4xx_rcc.o(i.RCC_PLLCmd)
    RCC_SYSCLKConfig                         0x080005b9   Thumb Code    14  stm32f4xx_rcc.o(i.RCC_SYSCLKConfig)
    SPI_Cmd                                  0x080005cd   Thumb Code    20  stm32f4xx_spi.o(i.SPI_Cmd)
    SPI_I2S_DeInit                           0x080005e1   Thumb Code    72  stm32f4xx_spi.o(i.SPI_I2S_DeInit)
    SPI_I2S_GetFlagStatus                    0x08000635   Thumb Code    14  stm32f4xx_spi.o(i.SPI_I2S_GetFlagStatus)
    SPI_I2S_ReceiveData                      0x08000643   Thumb Code     4  stm32f4xx_spi.o(i.SPI_I2S_ReceiveData)
    SPI_I2S_SendData                         0x08000647   Thumb Code     4  stm32f4xx_spi.o(i.SPI_I2S_SendData)
    SPI_Init                                 0x0800064b   Thumb Code    56  stm32f4xx_spi.o(i.SPI_Init)
    SPI_StructInit                           0x08000683   Thumb Code    24  stm32f4xx_spi.o(i.SPI_StructInit)
    STM_EVAL_PBInit                          0x0800069d   Thumb Code   142  stm32f4_discovery.o(i.STM_EVAL_PBInit)
    SVC_Handler                              0x08000735   Thumb Code     2  stm32f4xx_it.o(i.SVC_Handler)
    SYSCFG_EXTILineConfig                    0x08000739   Thumb Code    34  stm32f4xx_syscfg.o(i.SYSCFG_EXTILineConfig)
    SysTick_Handler                          0x080007fd   Thumb Code     2  stm32f4xx_it.o(i.SysTick_Handler)
    SystemInit                               0x08000801   Thumb Code    74  system_stm32f4xx.o(i.SystemInit)
    UsageFault_Handler                       0x0800085d   Thumb Code     2  stm32f4xx_it.o(i.UsageFault_Handler)
    __scatterload_copy                       0x0800085f   Thumb Code    14  handlers.o(i.__scatterload_copy)
    __scatterload_null                       0x0800086d   Thumb Code     2  handlers.o(i.__scatterload_null)
    __scatterload_zeroinit                   0x0800086f   Thumb Code    14  handlers.o(i.__scatterload_zeroinit)
    main                                     0x0800087d   Thumb Code   304  main.o(i.main)
    sFLASH_EraseSector                       0x080009c1   Thumb Code    62  spi_flash.o(i.sFLASH_EraseSector)
    sFLASH_Init                              0x08000a05   Thumb Code    90  spi_flash.o(i.sFLASH_Init)
    sFLASH_LowLevel_Init                     0x08000a69   Thumb Code   134  spi_flash.o(i.sFLASH_LowLevel_Init)
    sFLASH_ReadBuffer                        0x08000af5   Thumb Code    82  spi_flash.o(i.sFLASH_ReadBuffer)
    sFLASH_ReadID                            0x08000b4d   Thumb Code    64  spi_flash.o(i.sFLASH_ReadID)
    sFLASH_SendByte                          0x08000b91   Thumb Code    50  spi_flash.o(i.sFLASH_SendByte)
    sFLASH_WaitForWriteEnd                   0x08000bc9   Thumb Code    40  spi_flash.o(i.sFLASH_WaitForWriteEnd)
    sFLASH_WriteBuffer                       0x08000bf5   Thumb Code   196  spi_flash.o(i.sFLASH_WriteBuffer)
    sFLASH_WriteEnable                       0x08000cb9   Thumb Code    30  spi_flash.o(i.sFLASH_WriteEnable)
    sFLASH_WritePage                         0x08000cdd   Thumb Code    88  spi_flash.o(i.sFLASH_WritePage)
    spiPutWord                               0x08000d39   Thumb Code    42  main.o(i.spiPutWord)
    BUTTON_PORT_SOURCE                       0x08000d68   Data           1  stm32f4_discovery.o(.constdata)
    BUTTON_PIN_SOURCE                        0x08000d69   Data           1  stm32f4_discovery.o(.constdata)
    BUTTON_IRQn                              0x08000d6a   Data           1  stm32f4_discovery.o(.constdata)
    BUTTON_PIN                               0x08000d6c   Data           2  stm32f4_discovery.o(.constdata)
    BUTTON_EXTI_LINE                         0x08000d6e   Data           2  stm32f4_discovery.o(.constdata)
    BUTTON_CLK                               0x08000d70   Data           4  stm32f4_discovery.o(.constdata)
    GPIO_PIN                                 0x08000d74   Data           8  stm32f4_discovery.o(.constdata)
    GPIO_CLK                                 0x08000d7c   Data          16  stm32f4_discovery.o(.constdata)
    Region$$Table$$Base                      0x08000d8c   Number         0  anon$$obj.o(Region$$Table)
    Region$$Table$$Limit                     0x08000dac   Number         0  anon$$obj.o(Region$$Table)
    TransferStatus1                          0x20000000   Data           1  main.o(.data)
    Tx_Buffer1                               0x20000001   Data           2  main.o(.data)
    Rx_Buffer1                               0x20000003   Data           2  main.o(.data)
    FlashID                                  0x20000008   Data           4  main.o(.data)
    Tx_Buffer                                0x2000000c   Data          77  main.o(.data)
    BUTTON_PORT                              0x2000005c   Data           4  stm32f4_discovery.o(.data)
    GPIO_PORT                                0x20000060   Data          16  stm32f4_discovery.o(.data)
    Rx_Buffer                                0x20000070   Data          76  main.o(.bss)
    __initial_sp                             0x200004c0   Data           0  startup_stm32f4xx.o(STACK)



==============================================================================

Memory Map of the image

  Image Entry point : 0x08000189

  Load Region LR_IROM1 (Base: 0x08000000, Size: 0x00000e1c, Max: 0x00100000, ABSOLUTE)

    Execution Region ER_IROM1 (Base: 0x08000000, Size: 0x00000dac, Max: 0x00100000, ABSOLUTE)

    Base Addr    Size         Type   Attr      Idx    E Section Name        Object

    0x08000000   0x00000188   Data   RO         1188    RESET               startup_stm32f4xx.o
    0x08000188   0x00000000   Code   RO         1226  * .ARM.Collect$$$$00000000  mc_w.l(entry.o)
    0x08000188   0x00000004   Code   RO         1229    .ARM.Collect$$$$00000001  mc_w.l(entry2.o)
    0x0800018c   0x00000004   Code   RO         1232    .ARM.Collect$$$$00000004  mc_w.l(entry5.o)
    0x08000190   0x00000000   Code   RO         1234    .ARM.Collect$$$$00000008  mc_w.l(entry7b.o)
    0x08000190   0x00000008   Code   RO         1235    .ARM.Collect$$$$00000009  mc_w.l(entry8.o)
    0x08000198   0x00000004   Code   RO         1230    .ARM.Collect$$$$00002712  mc_w.l(entry2.o)
    0x0800019c   0x00000024   Code   RO         1189    .text               startup_stm32f4xx.o
    0x080001c0   0x00000024   Code   RO         1236    .text               mc_w.l(init.o)
    0x080001e4   0x00000022   Code   RO            2    i.Buffercmp         main.o
    0x08000206   0x00000002   Code   RO          163    i.BusFault_Handler  stm32f4xx_it.o
    0x08000208   0x00000002   Code   RO          164    i.DebugMon_Handler  stm32f4xx_it.o
    0x0800020a   0x00000002   PAD
    0x0800020c   0x00000074   Code   RO          969    i.EXTI_Init         stm32f4xx_exti.o
    0x08000280   0x0000007c   Code   RO          821    i.GPIO_Init         stm32f4xx_gpio.o
    0x080002fc   0x00000020   Code   RO          822    i.GPIO_PinAFConfig  stm32f4xx_gpio.o
    0x0800031c   0x00000004   Code   RO          828    i.GPIO_ResetBits    stm32f4xx_gpio.o
    0x08000320   0x00000004   Code   RO          829    i.GPIO_SetBits      stm32f4xx_gpio.o
    0x08000324   0x00000002   Code   RO          165    i.HardFault_Handler  stm32f4xx_it.o
    0x08000326   0x00000002   PAD
    0x08000328   0x000000bc   Code   RO            4    i.HardwareSPI_init  main.o
    0x080003e4   0x00000002   Code   RO          166    i.MemManage_Handler  stm32f4xx_it.o
    0x080003e6   0x00000026   Code   RO          167    i.NMI_Handler       stm32f4xx_it.o
    0x0800040c   0x00000064   Code   RO          774    i.NVIC_Init         misc.o
    0x08000470   0x00000002   Code   RO          168    i.PendSV_Handler    stm32f4xx_it.o
    0x08000472   0x00000002   PAD
    0x08000474   0x00000018   Code   RO          420    i.RCC_AHB1PeriphClockCmd  stm32f4xx_rcc.o
    0x0800048c   0x00000018   Code   RO          429    i.RCC_APB1PeriphClockCmd  stm32f4xx_rcc.o
    0x080004a4   0x00000018   Code   RO          431    i.RCC_APB1PeriphResetCmd  stm32f4xx_rcc.o
    0x080004bc   0x00000018   Code   RO          432    i.RCC_APB2PeriphClockCmd  stm32f4xx_rcc.o
    0x080004d4   0x00000018   Code   RO          434    i.RCC_APB2PeriphResetCmd  stm32f4xx_rcc.o
    0x080004ec   0x0000000c   Code   RO          438    i.RCC_ClearITPendingBit  stm32f4xx_rcc.o
    0x080004f8   0x00000034   Code   RO          442    i.RCC_GetFlagStatus  stm32f4xx_rcc.o
    0x0800052c   0x00000014   Code   RO          443    i.RCC_GetITStatus   stm32f4xx_rcc.o
    0x08000540   0x00000010   Code   RO          446    i.RCC_HSEConfig     stm32f4xx_rcc.o
    0x08000550   0x00000044   Code   RO          169    i.RCC_IRQHandler    stm32f4xx_it.o
    0x08000594   0x00000018   Code   RO          449    i.RCC_ITConfig      stm32f4xx_rcc.o
    0x080005ac   0x0000000c   Code   RO          456    i.RCC_PLLCmd        stm32f4xx_rcc.o
    0x080005b8   0x00000014   Code   RO          462    i.RCC_SYSCLKConfig  stm32f4xx_rcc.o
    0x080005cc   0x00000014   Code   RO         1030    i.SPI_Cmd           stm32f4xx_spi.o
    0x080005e0   0x00000054   Code   RO         1037    i.SPI_I2S_DeInit    stm32f4xx_spi.o
    0x08000634   0x0000000e   Code   RO         1038    i.SPI_I2S_GetFlagStatus  stm32f4xx_spi.o
    0x08000642   0x00000004   Code   RO         1041    i.SPI_I2S_ReceiveData  stm32f4xx_spi.o
    0x08000646   0x00000004   Code   RO         1042    i.SPI_I2S_SendData  stm32f4xx_spi.o
    0x0800064a   0x00000038   Code   RO         1043    i.SPI_Init          stm32f4xx_spi.o
    0x08000682   0x00000018   Code   RO         1046    i.SPI_StructInit    stm32f4xx_spi.o
    0x0800069a   0x00000002   PAD
    0x0800069c   0x00000098   Code   RO          374    i.STM_EVAL_PBInit   stm32f4_discovery.o
    0x08000734   0x00000002   Code   RO          170    i.SVC_Handler       stm32f4xx_it.o
    0x08000736   0x00000002   PAD
    0x08000738   0x00000028   Code   RO          920    i.SYSCFG_EXTILineConfig  stm32f4xx_syscfg.o
    0x08000760   0x0000009c   Code   RO         1194    i.SetSysClock       system_stm32f4xx.o
    0x080007fc   0x00000002   Code   RO          171    i.SysTick_Handler   stm32f4xx_it.o
    0x080007fe   0x00000002   PAD
    0x08000800   0x0000005c   Code   RO         1196    i.SystemInit        system_stm32f4xx.o
    0x0800085c   0x00000002   Code   RO          172    i.UsageFault_Handler  stm32f4xx_it.o
    0x0800085e   0x0000000e   Code   RO         1240    i.__scatterload_copy  mc_w.l(handlers.o)
    0x0800086c   0x00000002   Code   RO         1241    i.__scatterload_null  mc_w.l(handlers.o)
    0x0800086e   0x0000000e   Code   RO         1242    i.__scatterload_zeroinit  mc_w.l(handlers.o)
    0x0800087c   0x00000144   Code   RO            5    i.main              main.o
    0x080009c0   0x00000044   Code   RO          263    i.sFLASH_EraseSector  spi_flash.o
    0x08000a04   0x00000064   Code   RO          264    i.sFLASH_Init       spi_flash.o
    0x08000a68   0x0000008c   Code   RO          266    i.sFLASH_LowLevel_Init  spi_flash.o
    0x08000af4   0x00000058   Code   RO          267    i.sFLASH_ReadBuffer  spi_flash.o
    0x08000b4c   0x00000044   Code   RO          269    i.sFLASH_ReadID     spi_flash.o
    0x08000b90   0x00000038   Code   RO          270    i.sFLASH_SendByte   spi_flash.o
    0x08000bc8   0x0000002c   Code   RO          273    i.sFLASH_WaitForWriteEnd  spi_flash.o
    0x08000bf4   0x000000c4   Code   RO          274    i.sFLASH_WriteBuffer  spi_flash.o
    0x08000cb8   0x00000024   Code   RO          275    i.sFLASH_WriteEnable  spi_flash.o
    0x08000cdc   0x0000005c   Code   RO          276    i.sFLASH_WritePage  spi_flash.o
    0x08000d38   0x00000030   Code   RO            7    i.spiPutWord        main.o
    0x08000d68   0x00000024   Data   RO          375    .constdata          stm32f4_discovery.o
    0x08000d8c   0x00000020   Data   RO         1238    Region$$Table       anon$$obj.o


    Execution Region RW_IRAM1 (Base: 0x20000000, Size: 0x000004c0, Max: 0x00020000, ABSOLUTE)

    Base Addr    Size         Type   Attr      Idx    E Section Name        Object

    0x20000000   0x00000059   Data   RW            9    .data               main.o
    0x20000059   0x00000003   PAD
    0x2000005c   0x00000014   Data   RW          376    .data               stm32f4_discovery.o
    0x20000070   0x0000004c   Zero   RW            8    .bss                main.o
    0x200000bc   0x00000004   PAD
    0x200000c0   0x00000400   Zero   RW         1186    STACK               startup_stm32f4xx.o


==============================================================================

Image component sizes


      Code (inc. data)   RO Data    RW Data    ZI Data      Debug   Object Name

       594         34          0         89         76     237031   main.o
       100          8          0          0          0       3144   misc.o
       888         52          0          0          0       7164   spi_flash.o
        36          8        392          0       1024        980   startup_stm32f4xx.o
       152         10         36         20          0       2227   stm32f4_discovery.o
       116          4          0          0          0       3856   stm32f4xx_exti.o
       164          0          0          0          0      10099   stm32f4xx_gpio.o
       122          0          0          0          0       5231   stm32f4xx_it.o
       276         70          0          0          0       8586   stm32f4xx_rcc.o
       206         12          0          0          0      14036   stm32f4xx_spi.o
        40          6          0          0          0        800   stm32f4xx_syscfg.o
       248         34          0          0          0       2125   system_stm32f4xx.o

    ----------------------------------------------------------------------
      2954        238        460        112       1104     295279   Object Totals
         0          0         32          0          0          0   (incl. Generated)
        12          0          0          3          4          0   (incl. Padding)

    ----------------------------------------------------------------------

      Code (inc. data)   RO Data    RW Data    ZI Data      Debug   Library Member Name

         0          0          0          0          0          0   entry.o
         8          4          0          0          0          0   entry2.o
         4          0          0          0          0          0   entry5.o
         0          0          0          0          0          0   entry7b.o
         8          4          0          0          0          0   entry8.o
        30          0          0          0          0          0   handlers.o
        36          8          0          0          0         68   init.o

    ----------------------------------------------------------------------
        86         16          0          0          0         68   Library Totals
         0          0          0          0          0          0   (incl. Padding)

    ----------------------------------------------------------------------

      Code (inc. data)   RO Data    RW Data    ZI Data      Debug   Library Name

        86         16          0          0          0         68   mc_w.l

    ----------------------------------------------------------------------
        86         16          0          0          0         68   Library Totals

    ----------------------------------------------------------------------

==============================================================================


      Code (inc. data)   RO Data    RW Data    ZI Data      Debug   

      3040        254        460        112       1104     290747   Grand Totals
      3040        254        460        112       1104     290747   ELF Image Totals
      3040        254        460        112          0          0   ROM Totals

==============================================================================

    Total RO  Size (Code + RO Data)                 3500 (   3.42kB)
    Total RW  Size (RW Data + ZI Data)              1216 (   1.19kB)
    Total ROM Size (Code + RO Data + RW Data)       3612 (   3.53kB)

==============================================================================

