<html>
<body>
<pre>
<h1>µVision Build Log</h1>
<h2>Project:</h2>
G:\Nischal_docments\studsat\soft\stm32f4discovery_fw\STM32F4-Discovery_FW_V1.1.0\Project\Peripheral_Examples\TIM_PWM_Output\MDK-ARM\TIM_PWM_Output.uvproj
Project File Date:  10/28/2011

<h2>Output:</h2>
Build target 'TIM_PWM_Output'
compiling main.c...
compiling stm32f4xx_it.c...
compiling system_stm32f4xx.c...
compiling stm32f4_discovery.c...
compiling stm32f4xx_rcc.c...
compiling misc.c...
compiling stm32f4xx_gpio.c...
compiling stm32f4xx_syscfg.c...
compiling stm32f4xx_exti.c...
compiling stm32f4xx_tim.c...
assembling startup_stm32f4xx.s...
linking...
Program Size: Code=1564 RO-data=424 RW-data=32 ZI-data=1056  
".\TIM_PWM_Output\TIM_PWM_Output.axf" - 0 Error(s), 0 Warning(s).
Load "G:\\Nischal_docments\\studsat\\soft\\stm32f4discovery_fw\\STM32F4-Discovery_FW_V1.1.0\\Project\\Peripheral_Examples\\TIM_PWM_Output\\MDK-ARM\\TIM_PWM_Output\\TIM_PWM_Output.AXF" 
