<html>
<body>
<pre>
<h1>µVision Build Log</h1>
<h2>Project:</h2>
D:\Bheema_Backup\STUDSAT Management\STUDSAT Technical\NMAMIT\NMAMIT-Payload,C&DH Codes\Project\Peripheral_Examples\aaaflash -image read ultimate-final-read n display on pc\Project\Project.uvproj
Project File Date:  01/24/2013

<h2>Output:</h2>
compiling main.c...
..\User\ax25.c(618): warning:  #550-D: variable "valid" was set but never used
..\User\ax25.c(700): warning:  #1-D: last line of file ends without a newline
..\User\main.c(68): warning:  #550-D: variable "state" was set but never used
..\User\main.c(69): warning:  #177-D: variable "sec" was declared but never referenced
..\User\main.c(72): warning:  #177-D: variable "num" was declared but never referenced
..\User\main.c - 0 Error(s), 5 Warning(s).
Build target 'Open207V'
compiling usart.c...
compiling stm32f4xx_it.c...
compiling ws_AT45DBXX.c...
compiling ws_spi.c...
linking...
Program Size: Code=9446 RO-data=482 RW-data=52 ZI-data=2596  
FromELF: creating hex file...
".\Output\Project.axf" - 0 Error(s), 0 Warning(s).
