<html>
<body>
<pre>
<h1>µVision Build Log</h1>
<h2>Project:</h2>
G:\Nischal_docments\studsat\soft\stm32f4discovery_fw_edit\STM32F4-Discovery_FW_V1.1.0\Project\Peripheral_Examples\spi_serial flash_opcodes\MDK-ARM\RCC.uvproj
Project File Date:  01/15/2013

<h2>Output:</h2>
Build target 'RCC'
compiling main.c...
..\main.c(140): warning:  #223-D: function "sFLASH_ReadID" declared implicitly
..\main.c(259): warning:  #550-D: variable "spiConfigured" was set but never used
linking...
Program Size: Code=2488 RO-data=460 RW-data=24 ZI-data=1024  
".\RCC\RCC.axf" - 0 Error(s), 2 Warning(s).
