<html>
<body>
<pre>
<h1>µVision Build Log</h1>
<h2>Project:</h2>
E:\Tech\Studsat\ARM\STM STUDIO\stm32f4discovery_fw\STM32F4-Discovery_FW_V1.1.0\Project\Peripheral_Examples\CurrentSensor_ADC2\MDK-ARM\ADC3_DMA.uvproj
Project File Date:  06/19/2013

<h2>Output:</h2>
Build target 'ADC3_DMA'
compiling main.c...
compiling stm32f4xx_it.c...
compiling system_stm32f4xx.c...
compiling stm32f4_discovery.c...
compiling stm32f4xx_rcc.c...
compiling misc.c...
compiling stm32f4xx_gpio.c...
compiling stm32f4xx_syscfg.c...
compiling stm32f4xx_exti.c...
compiling stm32f4xx_dma.c...
compiling stm32f4xx_adc.c...
compiling stm32f4xx_usart.c...
linking...
Program Size: Code=1952 RO-data=424 RW-data=24 ZI-data=1024  
".\ADC3_DMA\ADC3_DMA.axf" - 0 Error(s), 0 Warning(s).
Load "E:\\Tech\\Studsat\\ARM\\STM STUDIO\\stm32f4discovery_fw\\STM32F4-Discovery_FW_V1.1.0\\Project\\Peripheral_Examples\\CurrentSensor_ADC2\\MDK-ARM\\ADC3_DMA\\ADC3_DMA.AXF" 
Load "E:\\Tech\\Studsat\\ARM\\STM STUDIO\\stm32f4discovery_fw\\STM32F4-Discovery_FW_V1.1.0\\Project\\Peripheral_Examples\\CurrentSensor_ADC2\\MDK-ARM\\ADC3_DMA\\ADC3_DMA.AXF" 
Load "E:\\Tech\\Studsat\\ARM\\STM STUDIO\\stm32f4discovery_fw\\STM32F4-Discovery_FW_V1.1.0\\Project\\Peripheral_Examples\\CurrentSensor_ADC2\\MDK-ARM\\ADC3_DMA\\ADC3_DMA.AXF" 
Load "E:\\Tech\\Studsat\\ARM\\STM STUDIO\\stm32f4discovery_fw\\STM32F4-Discovery_FW_V1.1.0\\Project\\Peripheral_Examples\\CurrentSensor_ADC2\\MDK-ARM\\ADC3_DMA\\ADC3_DMA.AXF" 
Load "E:\\Tech\\Studsat\\ARM\\STM STUDIO\\stm32f4discovery_fw\\STM32F4-Discovery_FW_V1.1.0\\Project\\Peripheral_Examples\\CurrentSensor_ADC2\\MDK-ARM\\ADC3_DMA\\ADC3_DMA.AXF" 
Load "E:\\Tech\\Studsat\\ARM\\STM STUDIO\\stm32f4discovery_fw\\STM32F4-Discovery_FW_V1.1.0\\Project\\Peripheral_Examples\\CurrentSensor_ADC2\\MDK-ARM\\ADC3_DMA\\ADC3_DMA.AXF" 
Build target 'ADC3_DMA'
linking...
Program Size: Code=1952 RO-data=424 RW-data=24 ZI-data=1024  
FromELF: creating hex file...
".\ADC3_DMA\ADC3_DMA.axf" - 0 Error(s), 0 Warning(s).
Build target 'ADC3_DMA'
linking...
Program Size: Code=1952 RO-data=424 RW-data=24 ZI-data=1024  
FromELF: creating hex file...
".\ADC3_DMA\ADC3_DMA.axf" - 0 Error(s), 0 Warning(s).
Load "E:\\Tech\\Studsat\\ARM\\STM STUDIO\\stm32f4discovery_fw\\STM32F4-Discovery_FW_V1.1.0\\Project\\Peripheral_Examples\\CurrentSensor_ADC2\\MDK-ARM\\ADC3_DMA\\ADC3_DMA.AXF" 
Load "E:\\Tech\\Studsat\\ARM\\STM STUDIO\\stm32f4discovery_fw\\STM32F4-Discovery_FW_V1.1.0\\Project\\Peripheral_Examples\\CurrentSensor_ADC2\\MDK-ARM\\ADC3_DMA\\ADC3_DMA.AXF" 
