<html>
<body>
<pre>
<h1>µVision Build Log</h1>
<h2>Project:</h2>
E:\Tech\Studsat\ARM\STM STUDIO\stm32f4discovery_fw\STM32F4-Discovery_FW_V1.1.0\Project\Peripheral_Examples\CurrentSensor_ADC\MDK-ARM\ADC3_DMA.uvproj
Project File Date:  03/07/2013

<h2>Output:</h2>
Build target 'ADC3_DMA'
compiling main.c...
compiling stm32f4xx_it.c...
compiling system_stm32f4xx.c...
compiling stm32f4_discovery.c...
compiling stm32f4xx_rcc.c...
compiling misc.c...
compiling stm32f4xx_gpio.c...
compiling stm32f4xx_syscfg.c...
compiling stm32f4xx_exti.c...
compiling stm32f4xx_dma.c...
compiling stm32f4xx_adc.c...
assembling startup_stm32f4xx.s...
linking...
.\ADC3_DMA\ADC3_DMA.axf: Error: L6218E: Undefined symbol USART_Cmd (referred from main.o).
.\ADC3_DMA\ADC3_DMA.axf: Error: L6218E: Undefined symbol USART_GetFlagStatus (referred from main.o).
.\ADC3_DMA\ADC3_DMA.axf: Error: L6218E: Undefined symbol USART_Init (referred from main.o).
.\ADC3_DMA\ADC3_DMA.axf: Error: L6218E: Undefined symbol USART_SendData (referred from main.o).
Target not created
Build target 'ADC3_DMA'
linking...
.\ADC3_DMA\ADC3_DMA.axf: Error: L6218E: Undefined symbol USART_Cmd (referred from main.o).
.\ADC3_DMA\ADC3_DMA.axf: Error: L6218E: Undefined symbol USART_GetFlagStatus (referred from main.o).
.\ADC3_DMA\ADC3_DMA.axf: Error: L6218E: Undefined symbol USART_Init (referred from main.o).
.\ADC3_DMA\ADC3_DMA.axf: Error: L6218E: Undefined symbol USART_SendData (referred from main.o).
Target not created
Build target 'ADC3_DMA'
compiling stm32f4xx_usart.c...
compiling usart.c...
linking...
.\ADC3_DMA\ADC3_DMA.axf: Error: L6200E: Symbol USART_Configuration multiply defined (by usart.o and main.o).
.\ADC3_DMA\ADC3_DMA.axf: Error: L6200E: Symbol USART_Cmd multiply defined (by usart.o and stm32f4xx_usart.o).
.\ADC3_DMA\ADC3_DMA.axf: Error: L6200E: Symbol USART_GetFlagStatus multiply defined (by usart.o and stm32f4xx_usart.o).
.\ADC3_DMA\ADC3_DMA.axf: Error: L6200E: Symbol USART_Init multiply defined (by usart.o and stm32f4xx_usart.o).
.\ADC3_DMA\ADC3_DMA.axf: Error: L6200E: Symbol USART_SendData multiply defined (by usart.o and stm32f4xx_usart.o).
.\ADC3_DMA\ADC3_DMA.axf: Error: L6200E: Symbol USART_ClearFlag multiply defined (by usart.o and stm32f4xx_usart.o).
.\ADC3_DMA\ADC3_DMA.axf: Error: L6200E: Symbol USART_ClearITPendingBit multiply defined (by usart.o and stm32f4xx_usart.o).
.\ADC3_DMA\ADC3_DMA.axf: Error: L6200E: Symbol USART_ClockInit multiply defined (by usart.o and stm32f4xx_usart.o).
.\ADC3_DMA\ADC3_DMA.axf: Error: L6200E: Symbol USART_ClockStructInit multiply defined (by usart.o and stm32f4xx_usart.o).
.\ADC3_DMA\ADC3_DMA.axf: Error: L6200E: Symbol USART_DMACmd multiply defined (by usart.o and stm32f4xx_usart.o).
.\ADC3_DMA\ADC3_DMA.axf: Error: L6200E: Symbol USART_DeInit multiply defined (by usart.o and stm32f4xx_usart.o).
.\ADC3_DMA\ADC3_DMA.axf: Error: L6200E: Symbol USART_GetITStatus multiply defined (by usart.o and stm32f4xx_usart.o).
.\ADC3_DMA\ADC3_DMA.axf: Error: L6200E: Symbol USART_HalfDuplexCmd multiply defined (by usart.o and stm32f4xx_usart.o).
.\ADC3_DMA\ADC3_DMA.axf: Error: L6200E: Symbol USART_ITConfig multiply defined (by usart.o and stm32f4xx_usart.o).
.\ADC3_DMA\ADC3_DMA.axf: Error: L6200E: Symbol USART_IrDACmd multiply defined (by usart.o and stm32f4xx_usart.o).
.\ADC3_DMA\ADC3_DMA.axf: Error: L6200E: Symbol USART_IrDAConfig multiply defined (by usart.o and stm32f4xx_usart.o).
.\ADC3_DMA\ADC3_DMA.axf: Error: L6200E: Symbol USART_LINBreakDetectLengthConfig multiply defined (by usart.o and stm32f4xx_usart.o).
.\ADC3_DMA\ADC3_DMA.axf: Error: L6200E: Symbol USART_LINCmd multiply defined (by usart.o and stm32f4xx_usart.o).
.\ADC3_DMA\ADC3_DMA.axf: Error: L6200E: Symbol USART_OneBitMethodCmd multiply defined (by usart.o and stm32f4xx_usart.o).
.\ADC3_DMA\ADC3_DMA.axf: Error: L6200E: Symbol USART_OverSampling8Cmd multiply defined (by usart.o and stm32f4xx_usart.o).
.\ADC3_DMA\ADC3_DMA.axf: Error: L6200E: Symbol USART_ReceiveData multiply defined (by usart.o and stm32f4xx_usart.o).
.\ADC3_DMA\ADC3_DMA.axf: Error: L6200E: Symbol USART_ReceiverWakeUpCmd multiply defined (by usart.o and stm32f4xx_usart.o).
.\ADC3_DMA\ADC3_DMA.axf: Error: L6200E: Symbol USART_SendBreak multiply defined (by usart.o and stm32f4xx_usart.o).
.\ADC3_DMA\ADC3_DMA.axf: Error: L6200E: Symbol USART_SetAddress multiply defined (by usart.o and stm32f4xx_usart.o).
.\ADC3_DMA\ADC3_DMA.axf: Error: L6200E: Symbol USART_SetGuardTime multiply defined (by usart.o and stm32f4xx_usart.o).
.\ADC3_DMA\ADC3_DMA.axf: Error: L6200E: Symbol USART_SetPrescaler multiply defined (by usart.o and stm32f4xx_usart.o).
.\ADC3_DMA\ADC3_DMA.axf: Error: L6200E: Symbol USART_SmartCardCmd multiply defined (by usart.o and stm32f4xx_usart.o).
.\ADC3_DMA\ADC3_DMA.axf: Error: L6200E: Symbol USART_SmartCardNACKCmd multiply defined (by usart.o and stm32f4xx_usart.o).
.\ADC3_DMA\ADC3_DMA.axf: Error: L6200E: Symbol USART_StructInit multiply defined (by usart.o and stm32f4xx_usart.o).
.\ADC3_DMA\ADC3_DMA.axf: Error: L6200E: Symbol USART_WakeUpConfig multiply defined (by usart.o and stm32f4xx_usart.o).
Target not created
Build target 'ADC3_DMA'
linking...
Program Size: Code=1340 RO-data=424 RW-data=8 ZI-data=1024  
".\ADC3_DMA\ADC3_DMA.axf" - 0 Error(s), 0 Warning(s).
Rebuild target 'ADC3_DMA'
compiling main.c...
compiling stm32f4xx_it.c...
compiling system_stm32f4xx.c...
compiling stm32f4_discovery.c...
compiling stm32f4xx_rcc.c...
compiling misc.c...
compiling stm32f4xx_gpio.c...
compiling stm32f4xx_syscfg.c...
compiling stm32f4xx_exti.c...
compiling stm32f4xx_dma.c...
compiling stm32f4xx_adc.c...
compiling stm32f4xx_usart.c...
assembling startup_stm32f4xx.s...
linking...
Program Size: Code=1340 RO-data=424 RW-data=8 ZI-data=1024  
".\ADC3_DMA\ADC3_DMA.axf" - 0 Error(s), 0 Warning(s).
Rebuild target 'ADC3_DMA'
compiling main.c...
compiling stm32f4xx_it.c...
compiling system_stm32f4xx.c...
compiling stm32f4_discovery.c...
compiling stm32f4xx_rcc.c...
compiling misc.c...
compiling stm32f4xx_gpio.c...
compiling stm32f4xx_syscfg.c...
compiling stm32f4xx_exti.c...
compiling stm32f4xx_dma.c...
compiling stm32f4xx_adc.c...
compiling stm32f4xx_usart.c...
assembling startup_stm32f4xx.s...
linking...
Program Size: Code=1340 RO-data=424 RW-data=8 ZI-data=1024  
".\ADC3_DMA\ADC3_DMA.axf" - 0 Error(s), 0 Warning(s).
Load "E:\\Tech\\Studsat\\ARM\\STM STUDIO\\stm32f4discovery_fw\\STM32F4-Discovery_FW_V1.1.0\\Project\\Peripheral_Examples\\CurrentSensor_ADC\\MDK-ARM\\ADC3_DMA\\ADC3_DMA.AXF" 
Build target 'ADC3_DMA'
compiling main.c...
..\main.c(57): warning:  #223-D: function "USART_Configuration" declared implicitly
..\main.c(107): error:  #159: declaration is incompatible with previous "USART_Configuration" (declared at line 57)
Target not created
Build target 'ADC3_DMA'
compiling main.c...
linking...
Program Size: Code=1904 RO-data=424 RW-data=24 ZI-data=1024  
".\ADC3_DMA\ADC3_DMA.axf" - 0 Error(s), 0 Warning(s).
Rebuild target 'ADC3_DMA'
compiling main.c...
compiling stm32f4xx_it.c...
compiling system_stm32f4xx.c...
compiling stm32f4_discovery.c...
compiling stm32f4xx_rcc.c...
compiling misc.c...
compiling stm32f4xx_gpio.c...
compiling stm32f4xx_syscfg.c...
compiling stm32f4xx_exti.c...
compiling stm32f4xx_dma.c...
compiling stm32f4xx_adc.c...
compiling stm32f4xx_usart.c...
assembling startup_stm32f4xx.s...
linking...
Program Size: Code=1904 RO-data=424 RW-data=24 ZI-data=1024  
".\ADC3_DMA\ADC3_DMA.axf" - 0 Error(s), 0 Warning(s).
Load "E:\\Tech\\Studsat\\ARM\\STM STUDIO\\stm32f4discovery_fw\\STM32F4-Discovery_FW_V1.1.0\\Project\\Peripheral_Examples\\CurrentSensor_ADC\\MDK-ARM\\ADC3_DMA\\ADC3_DMA.AXF" 
Build target 'ADC3_DMA'
compiling main.c...
..\main.c(104): warning:  #223-D: function "Delay" declared implicitly
linking...
.\ADC3_DMA\ADC3_DMA.axf: Error: L6218E: Undefined symbol Delay (referred from main.o).
Target not created
Build target 'ADC3_DMA'
compiling main.c...
linking...
Program Size: Code=1996 RO-data=424 RW-data=24 ZI-data=1024  
".\ADC3_DMA\ADC3_DMA.axf" - 0 Error(s), 0 Warning(s).
Build target 'ADC3_DMA'
compiling main.c...
linking...
Program Size: Code=2076 RO-data=424 RW-data=28 ZI-data=1028  
".\ADC3_DMA\ADC3_DMA.axf" - 0 Error(s), 0 Warning(s).
Rebuild target 'ADC3_DMA'
compiling main.c...
compiling stm32f4xx_it.c...
compiling system_stm32f4xx.c...
compiling stm32f4_discovery.c...
compiling stm32f4xx_rcc.c...
compiling misc.c...
compiling stm32f4xx_gpio.c...
compiling stm32f4xx_syscfg.c...
compiling stm32f4xx_exti.c...
compiling stm32f4xx_dma.c...
compiling stm32f4xx_adc.c...
compiling stm32f4xx_usart.c...
assembling startup_stm32f4xx.s...
linking...
Program Size: Code=2076 RO-data=424 RW-data=28 ZI-data=1028  
".\ADC3_DMA\ADC3_DMA.axf" - 0 Error(s), 0 Warning(s).
Load "E:\\Tech\\Studsat\\ARM\\STM STUDIO\\stm32f4discovery_fw\\STM32F4-Discovery_FW_V1.1.0\\Project\\Peripheral_Examples\\CurrentSensor_ADC\\MDK-ARM\\ADC3_DMA\\ADC3_DMA.AXF" 
Build target 'ADC3_DMA'
compiling main.c...
linking...
Program Size: Code=1996 RO-data=424 RW-data=24 ZI-data=1024  
".\ADC3_DMA\ADC3_DMA.axf" - 0 Error(s), 0 Warning(s).
Load "E:\\Tech\\Studsat\\ARM\\STM STUDIO\\stm32f4discovery_fw\\STM32F4-Discovery_FW_V1.1.0\\Project\\Peripheral_Examples\\CurrentSensor_ADC\\MDK-ARM\\ADC3_DMA\\ADC3_DMA.AXF" 
