<html>
<body>
<pre>
<h1>µVision Build Log</h1>
<h2>Project:</h2>
G:\Nischal_docments\studsat\soft\stm32f4discovery_fw_edit\STM32F4-Discovery_FW_V1.1.0\Project\Peripheral_Examples\aaax25 receive and print ultimate - Copy\MDK-ARM\ADC3_DMA.uvproj
Project File Date:  06/22/2012

<h2>Output:</h2>
Rebuild target 'ADC3_DMA'
compiling main.c...
..\mainax.h(115): warning:  #1-D: last line of file ends without a newline
..\ax25.c(248): warning:  #550-D: variable "hi_count" was set but never used
..\ax25.c(624): warning:  #550-D: variable "valid" was set but never used
..\ax25.c(708): warning:  #1-D: last line of file ends without a newline
..\main.c(35): warning:  #111-D: statement is unreachable
compiling stm32f4xx_it.c...
compiling system_stm32f4xx.c...
compiling stm32f4_discovery.c...
compiling stm32f4xx_rcc.c...
compiling misc.c...
compiling stm32f4xx_gpio.c...
compiling stm32f4xx_syscfg.c...
compiling stm32f4xx_exti.c...
compiling stm32f4xx_dma.c...
compiling stm32f4xx_adc.c...
assembling startup_stm32f4xx.s...
linking...
Program Size: Code=3252 RO-data=424 RW-data=24 ZI-data=1600  
".\ADC3_DMA\ADC3_DMA.axf" - 0 Error(s), 5 Warning(s).
Load "G:\\Nischal_docments\\studsat\\soft\\stm32f4discovery_fw_edit\\STM32F4-Discovery_FW_V1.1.0\\Project\\Peripheral_Examples\\aaax25 receive and print ultimate - Copy\\MDK-ARM\\ADC3_DMA\\ADC3_DMA.AXF" 
